{
  "build_controls": [
    {
      "K_global": 2048,
      "build": "original_before",
      "median_us": 268.3699131011963,
      "min_us": 267.7043151855469,
      "max_us": 308.94079208374023,
      "cv_percent": 6.919711080783077
    },
    {
      "K_global": 2048,
      "build": "instrumented",
      "median_us": 310.2771282196045,
      "min_us": 267.6223945617676,
      "max_us": 315.11552810668945,
      "cv_percent": 6.9503924599552835
    },
    {
      "K_global": 2048,
      "build": "original_after",
      "median_us": 272.08703994750977,
      "min_us": 264.9600028991699,
      "max_us": 307.9782485961914,
      "cv_percent": 6.336133025886705
    },
    {
      "K_global": 8192,
      "build": "original_before",
      "median_us": 676.7558288574219,
      "min_us": 662.4883270263672,
      "max_us": 688.8444519042969,
      "cv_percent": 0.9908493359765667
    },
    {
      "K_global": 8192,
      "build": "instrumented",
      "median_us": 679.2947387695312,
      "min_us": 657.8620910644531,
      "max_us": 691.2544250488281,
      "cv_percent": 1.2180547756631976
    },
    {
      "K_global": 8192,
      "build": "original_after",
      "median_us": 676.9440078735352,
      "min_us": 654.4937896728516,
      "max_us": 691.8035125732422,
      "cv_percent": 1.3284557408870878
    }
  ],
  "join_summary": [
    {
      "K_global": 2048,
      "mode": "receiver_sparse",
      "tile_observations": 80,
      "unique_target_tiles": 16,
      "resolved_observations": 80,
      "remote_last": 78,
      "median_observed_skew_us": 105.792,
      "p95_observed_skew_us": 136.8992,
      "minimum_skew_us": 21.792,
      "max_poll_cycle_us": 2.08,
      "repeated_tiles": 16,
      "consistent_repeated_tiles": 14
    },
    {
      "K_global": 2048,
      "mode": "receiver_dense",
      "tile_observations": 320,
      "unique_target_tiles": 64,
      "resolved_observations": 320,
      "remote_last": 312,
      "median_observed_skew_us": 105.696,
      "p95_observed_skew_us": 161.36800000000002,
      "minimum_skew_us": 8.992,
      "max_poll_cycle_us": 2.176,
      "repeated_tiles": 64,
      "consistent_repeated_tiles": 56
    },
    {
      "K_global": 8192,
      "mode": "receiver_sparse",
      "tile_observations": 80,
      "unique_target_tiles": 16,
      "resolved_observations": 80,
      "remote_last": 80,
      "median_observed_skew_us": 269.82399999999996,
      "p95_observed_skew_us": 307.44800000000004,
      "minimum_skew_us": 209.536,
      "max_poll_cycle_us": 1.92,
      "repeated_tiles": 16,
      "consistent_repeated_tiles": 16
    },
    {
      "K_global": 8192,
      "mode": "receiver_dense",
      "tile_observations": 320,
      "unique_target_tiles": 64,
      "resolved_observations": 320,
      "remote_last": 320,
      "median_observed_skew_us": 283.52,
      "p95_observed_skew_us": 327.264,
      "minimum_skew_us": 215.04,
      "max_poll_cycle_us": 2.016,
      "repeated_tiles": 64,
      "consistent_repeated_tiles": 64
    }
  ]
}
