WARNING:root:Failed to load NVSHMEM libs
WARNING:root:Failed to load NVSHMEM libs
NCCL version 2.21.5+cuda12.4
CASE COMPLETE original_before 2048
CASE COMPLETE original_before 8192
WARNING:root:Failed to load NVSHMEM libs
WARNING:root:Failed to load NVSHMEM libs
NCCL version 2.21.5+cuda12.4
[rank1]: Traceback (most recent call last):
[rank1]:   File "/data/run01/scyb672/hjr/TempName/tools/a800/phase2/run.py", line 52, in <module>
[rank1]:     assert 0.8 < ns/elapsed < 1.05,(ns,elapsed)
[rank1]: AssertionError: (1024000, 3205120.086669922)
[rank0]: Traceback (most recent call last):
[rank0]:   File "/data/run01/scyb672/hjr/TempName/tools/a800/phase2/run.py", line 52, in <module>
[rank0]:     assert 0.8 < ns/elapsed < 1.05,(ns,elapsed)
[rank0]: AssertionError: (1024000, 3129343.9865112305)
[rank0]:[W1001 20:03:58.878198193 ProcessGroupNCCL.cpp:1496] Warning: WARNING: destroy_process_group() was not called before program exit, which can leak resources. For more info, please see https://pytorch.org/docs/stable/distributed.html#shutdown (function operator())
W1001 20:03:59.829000 3331194 /data/run01/scyb672/.conda/envs/mmseg/lib/python3.10/site-packages/torch/distributed/elastic/multiprocessing/api.py:897] Sending process 3331200 closing signal SIGTERM
E1001 20:03:59.993000 3331194 /data/run01/scyb672/.conda/envs/mmseg/lib/python3.10/site-packages/torch/distributed/elastic/multiprocessing/api.py:869] failed (exitcode: 1) local_rank: 0 (pid: 3331199) of binary: /data/run01/scyb672/hjr/TempName/outputs/a800/venv/bin/python
Traceback (most recent call last):
  File "/data/home/scyb672/.conda/envs/mmseg/lib/python3.10/runpy.py", line 196, in _run_module_as_main
    return _run_code(code, main_globals, None,
  File "/data/home/scyb672/.conda/envs/mmseg/lib/python3.10/runpy.py", line 86, in _run_code
    exec(code, run_globals)
  File "/data/home/scyb672/.conda/envs/mmseg/lib/python3.10/site-packages/torch/distributed/run.py", line 922, in <module>
    main()
  File "/data/home/scyb672/.conda/envs/mmseg/lib/python3.10/site-packages/torch/distributed/elastic/multiprocessing/errors/__init__.py", line 355, in wrapper
    return f(*args, **kwargs)
  File "/data/home/scyb672/.conda/envs/mmseg/lib/python3.10/site-packages/torch/distributed/run.py", line 918, in main
    run(args)
  File "/data/home/scyb672/.conda/envs/mmseg/lib/python3.10/site-packages/torch/distributed/run.py", line 909, in run
    elastic_launch(
  File "/data/home/scyb672/.conda/envs/mmseg/lib/python3.10/site-packages/torch/distributed/launcher/api.py", line 138, in __call__
    return launch_agent(self._config, self._entrypoint, list(args))
  File "/data/home/scyb672/.conda/envs/mmseg/lib/python3.10/site-packages/torch/distributed/launcher/api.py", line 269, in launch_agent
    raise ChildFailedError(
torch.distributed.elastic.multiprocessing.errors.ChildFailedError: 
============================================================
/data/run01/scyb672/hjr/TempName/tools/a800/phase2/run.py FAILED
------------------------------------------------------------
Failures:
  <NO_OTHER_FAILURES>
------------------------------------------------------------
Root Cause (first observed failure):
[0]:
  time      : 2026-10-01_20:03:59
  host      : d1n41a28g02
  rank      : 0 (local_rank: 0)
  exitcode  : 1 (pid: 3331199)
  error_file: <N/A>
  traceback : To enable traceback see: https://pytorch.org/docs/stable/elastic/errors.html
============================================================
