WARNING:root:Failed to load NVSHMEM libs
WARNING:root:Failed to load NVSHMEM libs
NCCL version 2.21.5+cuda12.4
CASE COMPLETE original_before 2048
CASE COMPLETE original_before 8192
WARNING:root:Failed to load NVSHMEM libs
WARNING:root:Failed to load NVSHMEM libs
NCCL version 2.21.5+cuda12.4
PROGRESS 2048 0
PROGRESS 2048 5
PROGRESS 2048 10
PROGRESS 2048 15
CASE COMPLETE instrumented 2048
PROGRESS 8192 0
PROGRESS 8192 5
PROGRESS 8192 10
PROGRESS 8192 15
CASE COMPLETE instrumented 8192
WARNING:root:Failed to load NVSHMEM libs
WARNING:root:Failed to load NVSHMEM libs
NCCL version 2.21.5+cuda12.4
CASE COMPLETE original_after 2048
CASE COMPLETE original_after 8192
RESULT_DIR=/data/run01/scyb672/hjr/TempName/logs/a800/phase2/178421
