{
  "build_controls": [
    {
      "K_global": 2048,
      "build": "original_before",
      "median_us": 300.9228801727295,
      "min_us": 265.164794921875,
      "max_us": 307.4867248535156,
      "cv_percent": 7.18916606413469
    },
    {
      "K_global": 2048,
      "build": "instrumented",
      "median_us": 305.3107166290283,
      "min_us": 266.70080184936523,
      "max_us": 308.75648498535156,
      "cv_percent": 7.060023689615126
    },
    {
      "K_global": 2048,
      "build": "original_after",
      "median_us": 306.65727615356445,
      "min_us": 264.62207794189453,
      "max_us": 307.6710319519043,
      "cv_percent": 7.068426623716071
    },
    {
      "K_global": 8192,
      "build": "original_before",
      "median_us": 675.735969543457,
      "min_us": 658.3478546142578,
      "max_us": 693.3052825927734,
      "cv_percent": 1.2468556041739574
    },
    {
      "K_global": 8192,
      "build": "instrumented",
      "median_us": 678.7060928344727,
      "min_us": 661.0111999511719,
      "max_us": 680.3110504150391,
      "cv_percent": 0.8481467604160441
    },
    {
      "K_global": 8192,
      "build": "original_after",
      "median_us": 674.8668670654297,
      "min_us": 660.9133148193359,
      "max_us": 679.6115112304688,
      "cv_percent": 0.7298424069225333
    }
  ],
  "join_summary": [
    {
      "K_global": 2048,
      "mode": "receiver_sparse",
      "tile_observations": 80,
      "unique_target_tiles": 16,
      "resolved_observations": 80,
      "remote_last": 80,
      "median_observed_skew_us": 109.472,
      "p95_observed_skew_us": 139.68640000000002,
      "minimum_skew_us": 68.448,
      "max_poll_cycle_us": 1.696,
      "repeated_tiles": 16,
      "consistent_repeated_tiles": 16
    },
    {
      "K_global": 2048,
      "mode": "receiver_dense",
      "tile_observations": 320,
      "unique_target_tiles": 64,
      "resolved_observations": 320,
      "remote_last": 320,
      "median_observed_skew_us": 102.47999999999999,
      "p95_observed_skew_us": 148.3296,
      "minimum_skew_us": 37.76,
      "max_poll_cycle_us": 2.304,
      "repeated_tiles": 64,
      "consistent_repeated_tiles": 64
    },
    {
      "K_global": 8192,
      "mode": "receiver_sparse",
      "tile_observations": 80,
      "unique_target_tiles": 16,
      "resolved_observations": 80,
      "remote_last": 80,
      "median_observed_skew_us": 278.176,
      "p95_observed_skew_us": 305.9648,
      "minimum_skew_us": 221.696,
      "max_poll_cycle_us": 1.92,
      "repeated_tiles": 16,
      "consistent_repeated_tiles": 16
    },
    {
      "K_global": 8192,
      "mode": "receiver_dense",
      "tile_observations": 320,
      "unique_target_tiles": 64,
      "resolved_observations": 320,
      "remote_last": 320,
      "median_observed_skew_us": 280.20799999999997,
      "p95_observed_skew_us": 326.5776,
      "minimum_skew_us": 222.496,
      "max_poll_cycle_us": 1.92,
      "repeated_tiles": 64,
      "consistent_repeated_tiles": 64
    }
  ]
}
