d1n41a28g02:3328773:3328773 [0] NCCL INFO Bootstrap : Using bond0:10.252.14.77<0>
d1n41a28g02:3328773:3328773 [0] NCCL INFO NET/Plugin: No plugin found (libnccl-net.so)
d1n41a28g02:3328773:3328773 [0] NCCL INFO NET/Plugin: Plugin load returned 2 : libnccl-net.so: cannot open shared object file: No such file or directory : when loading libnccl-net.so
d1n41a28g02:3328773:3328773 [0] NCCL INFO NET/Plugin: Using internal network plugin.
d1n41a28g02:3328773:3328773 [0] NCCL INFO cudaDriverVersion 13000
d1n41a28g02:3328773:3328773 [0] NCCL INFO NCCL version 2.21.5+cuda12.4
d1n41a28g02:3328773:3328773 [0] NCCL INFO Comm config Blocking set to 1
d1n41a28g02:3328773:3328799 [0] NCCL INFO NCCL_IB_DISABLE set by environment to 1.
d1n41a28g02:3328773:3328799 [0] NCCL INFO NET/Socket : Using [0]bond0:10.252.14.77<0>
d1n41a28g02:3328773:3328799 [0] NCCL INFO Using non-device net plugin version 0
d1n41a28g02:3328773:3328799 [0] NCCL INFO Using network Socket
d1n41a28g02:3328773:3328799 [0] NCCL INFO ncclCommInitRank comm 0x56454f5a33c0 rank 0 nranks 2 cudaDev 0 nvmlDev 0 busId 8a000 commId 0xd08cb1738c557d3f - Init START
d1n41a28g02:3328773:3328799 [0] NCCL INFO NCCL_P2P_LEVEL set by environment to NVL
d1n41a28g02:3328773:3328799 [0] NCCL INFO Setting affinity for GPU 0 to 0f,00000000
d1n41a28g02:3328773:3328799 [0] NCCL INFO comm 0x56454f5a33c0 rank 0 nRanks 2 nNodes 1 localRanks 2 localRank 0 MNNVL 0
d1n41a28g02:3328773:3328799 [0] NCCL INFO Channel 00/16 :    0   1
d1n41a28g02:3328773:3328799 [0] NCCL INFO Channel 01/16 :    0   1
d1n41a28g02:3328773:3328799 [0] NCCL INFO Channel 02/16 :    0   1
d1n41a28g02:3328773:3328799 [0] NCCL INFO Channel 03/16 :    0   1
d1n41a28g02:3328773:3328799 [0] NCCL INFO Channel 04/16 :    0   1
d1n41a28g02:3328773:3328799 [0] NCCL INFO Channel 05/16 :    0   1
d1n41a28g02:3328773:3328799 [0] NCCL INFO Channel 06/16 :    0   1
d1n41a28g02:3328773:3328799 [0] NCCL INFO Channel 07/16 :    0   1
d1n41a28g02:3328773:3328799 [0] NCCL INFO Channel 08/16 :    0   1
d1n41a28g02:3328773:3328799 [0] NCCL INFO Channel 09/16 :    0   1
d1n41a28g02:3328773:3328799 [0] NCCL INFO Channel 10/16 :    0   1
d1n41a28g02:3328773:3328799 [0] NCCL INFO Channel 11/16 :    0   1
d1n41a28g02:3328773:3328799 [0] NCCL INFO Channel 12/16 :    0   1
d1n41a28g02:3328773:3328799 [0] NCCL INFO Channel 13/16 :    0   1
d1n41a28g02:3328773:3328799 [0] NCCL INFO Channel 14/16 :    0   1
d1n41a28g02:3328773:3328799 [0] NCCL INFO Channel 15/16 :    0   1
d1n41a28g02:3328773:3328799 [0] NCCL INFO Trees [0] 1/-1/-1->0->-1 [1] 1/-1/-1->0->-1 [2] 1/-1/-1->0->-1 [3] 1/-1/-1->0->-1 [4] -1/-1/-1->0->1 [5] -1/-1/-1->0->1 [6] -1/-1/-1->0->1 [7] -1/-1/-1->0->1 [8] 1/-1/-1->0->-1 [9] 1/-1/-1->0->-1 [10] 1/-1/-1->0->-1 [11] 1/-1/-1->0->-1 [12] -1/-1/-1->0->1 [13] -1/-1/-1->0->1 [14] -1/-1/-1->0->1 [15] -1/-1/-1->0->1
d1n41a28g02:3328773:3328799 [0] NCCL INFO P2P Chunksize set to 524288
d1n41a28g02:3328773:3328799 [0] NCCL INFO Channel 00/0 : 0[0] -> 1[1] via P2P/CUMEM/read
d1n41a28g02:3328773:3328799 [0] NCCL INFO Channel 01/0 : 0[0] -> 1[1] via P2P/CUMEM/read
d1n41a28g02:3328773:3328799 [0] NCCL INFO Channel 02/0 : 0[0] -> 1[1] via P2P/CUMEM/read
d1n41a28g02:3328773:3328799 [0] NCCL INFO Channel 03/0 : 0[0] -> 1[1] via P2P/CUMEM/read
d1n41a28g02:3328773:3328799 [0] NCCL INFO Channel 04/0 : 0[0] -> 1[1] via P2P/CUMEM/read
d1n41a28g02:3328773:3328799 [0] NCCL INFO Channel 05/0 : 0[0] -> 1[1] via P2P/CUMEM/read
d1n41a28g02:3328773:3328799 [0] NCCL INFO Channel 06/0 : 0[0] -> 1[1] via P2P/CUMEM/read
d1n41a28g02:3328773:3328799 [0] NCCL INFO Channel 07/0 : 0[0] -> 1[1] via P2P/CUMEM/read
d1n41a28g02:3328773:3328799 [0] NCCL INFO Channel 08/0 : 0[0] -> 1[1] via P2P/CUMEM/read
d1n41a28g02:3328773:3328799 [0] NCCL INFO Channel 09/0 : 0[0] -> 1[1] via P2P/CUMEM/read
d1n41a28g02:3328773:3328799 [0] NCCL INFO Channel 10/0 : 0[0] -> 1[1] via P2P/CUMEM/read
d1n41a28g02:3328773:3328799 [0] NCCL INFO Channel 11/0 : 0[0] -> 1[1] via P2P/CUMEM/read
d1n41a28g02:3328773:3328799 [0] NCCL INFO Channel 12/0 : 0[0] -> 1[1] via P2P/CUMEM/read
d1n41a28g02:3328773:3328799 [0] NCCL INFO Channel 13/0 : 0[0] -> 1[1] via P2P/CUMEM/read
d1n41a28g02:3328773:3328799 [0] NCCL INFO Channel 14/0 : 0[0] -> 1[1] via P2P/CUMEM/read
d1n41a28g02:3328773:3328799 [0] NCCL INFO Channel 15/0 : 0[0] -> 1[1] via P2P/CUMEM/read
d1n41a28g02:3328773:3328799 [0] NCCL INFO Connected all rings
d1n41a28g02:3328773:3328799 [0] NCCL INFO Connected all trees
d1n41a28g02:3328773:3328799 [0] NCCL INFO threadThresholds 8/8/64 | 16/8/64 | 512 | 512
d1n41a28g02:3328773:3328799 [0] NCCL INFO 16 coll channels, 16 collnet channels, 0 nvls channels, 16 p2p channels, 16 p2p channels per peer
d1n41a28g02:3328773:3328799 [0] NCCL INFO TUNER/Plugin: Plugin load returned 2 : libnccl-net.so: cannot open shared object file: No such file or directory : when loading libnccl-tuner.so
d1n41a28g02:3328773:3328799 [0] NCCL INFO TUNER/Plugin: Using internal tuner plugin.
d1n41a28g02:3328773:3328799 [0] NCCL INFO ncclCommInitRank comm 0x56454f5a33c0 rank 0 nranks 2 cudaDev 0 nvmlDev 0 busId 8a000 commId 0xd08cb1738c557d3f - Init COMPLETE
d1n41a28g02:3328773:3328773 [0] NCCL INFO comm 0x56454f5a33c0 rank 0 nranks 2 cudaDev 0 busId 8a000 - Destroy COMPLETE
