Collecting setuptools<75
  Downloading setuptools-74.1.3-py3-none-any.whl (1.3 MB)
     ━━━━━━━━━━━━━━━━━━━━━━━━━━━━━━━━━━━━━━━━ 1.3/1.3 MB 174.8 kB/s eta 0:00:00
Requirement already satisfied: wheel in /data/run01/scyb672/.conda/envs/mmseg/lib/python3.10/site-packages (0.46.3)
Requirement already satisfied: ninja in /data/run01/scyb672/.conda/envs/mmseg/lib/python3.10/site-packages (1.13.0)
Requirement already satisfied: packaging in /data/run01/scyb672/.local/lib/python3.10/site-packages (26.2)
Collecting cmake
  Downloading cmake-4.4.3-py3-none-manylinux2014_x86_64.manylinux_2_17_x86_64.whl (30.2 MB)
     ━━━━━━━━━━━━━━━━━━━━━━━━━━━━━━━━━━━━━━━ 30.2/30.2 MB 143.6 kB/s eta 0:00:00
Collecting nvidia-nvshmem-cu12==3.3.9
  Downloading nvidia_nvshmem_cu12-3.3.9-py3-none-manylinux2014_x86_64.manylinux_2_17_x86_64.whl (124.6 MB)
     ━━━━━━━━━━━━━━━━━━━━━━━━━━━━━━━━━━━━━ 124.6/124.6 MB 374.8 kB/s eta 0:00:00
Installing collected packages: setuptools, nvidia-nvshmem-cu12, cmake
  Attempting uninstall: setuptools
    Found existing installation: setuptools 79.0.1
    Uninstalling setuptools-79.0.1:
      Successfully uninstalled setuptools-79.0.1
ERROR: pip's dependency resolver does not currently take into account all the packages that are installed. This behaviour is the source of the following dependency conflicts.
openxlab 0.1.3 requires packaging~=24.0, but you have packaging 26.2 which is incompatible.
openxlab 0.1.3 requires setuptools~=60.2.0, but you have setuptools 74.1.3 which is incompatible.
Successfully installed cmake-4.4.3 nvidia-nvshmem-cu12-3.3.9 setuptools-74.1.3
