START validation-native
DONE validation-native
START validation-native-repeat
DONE validation-native-repeat
START validation-original
DONE validation-original
START validation-remote_first
DONE validation-remote_first
START validation-interleaved
DONE validation-interleaved
START pilot-native
DONE pilot-native
START pilot-original
DONE pilot-original
START pilot-remote_first
DONE pilot-remote_first
START pilot-interleaved
DONE pilot-interleaved
START profile-native
DONE profile-native
START profile-original
DONE profile-original
START profile-remote_first
DONE profile-remote_first
START profile-interleaved
DONE profile-interleaved
{
  "passed": false,
  "execution_passed": true,
  "exploratory": true,
  "script_sha256": {
    "run.sbatch": "7b8f0a6e9e28b0e5711a31ced91d90751d148e3fefc2799f85b093d0055d0652",
    "test_summary.py": "f5284ed78bae2a39a9b34493c8449fe585d4523eb6c9bc3a6eb191ce558ee540",
    "launch.py": "7c465fd7d4778e8b93ee4b9233c0eba513553d24e8f55d8fc51b13f26eef0f25",
    "config.json": "f86e7ac4c6303c1a273afe2bca365981a373e909d07e4ec4f7860474bb55a065",
    "summarize.py": "62c36fc1f55c92aebd5b5f234bf715a094425f24a236cc0b132bd3ba49df660c",
    "freeze_calibration.py": "4fd4993318b822771f93225a8c511a658a8821107e065c7c9976b33121577199",
    "worker.py": "68b8242bc87f77f3a3e179c3e67ac0b06fd27009e145f8021a01b23174071ee0",
    "adapter.py": "44a83eb6802d2c7ad430a2c6d6c66b20426f9ab0392c54fa0661fee636a10156"
  },
  "flux_manifest_sha256": "fbb4e927fbf25db0de827861fcc278a8e05f041cb8b1ab0da8425d3882207c39",
  "budgets": {
    "layer_fp32": {
      "relative_l2": 0.01,
      "atol": 0.005,
      "rtol": 0.03
    },
    "layer_output": {
      "relative_l2": 0.015,
      "atol": 0.005,
      "rtol": 0.03
    },
    "logits": {
      "relative_l2": 0.015,
      "atol": 0.02,
      "rtol": 0.03
    },
    "input_gradient": {
      "relative_l2": 0.05,
      "atol": 2e-05,
      "rtol": 0.08
    },
    "parameter_gradient": {
      "relative_l2": 0.05,
      "atol": 2e-05,
      "rtol": 0.08
    },
    "parameter_after_step": {
      "relative_l2": 0.002,
      "atol": 0.0005,
      "rtol": 0.01
    },
    "loss_absolute": 0.07114410400390625,
    "near_zero_rms_floor": 1e-06
  },
  "diagnostics": [
    {
      "policy": "native",
      "rank": 0,
      "numerical_passed": true,
      "checks": 123,
      "max_loss_abs": 0.0,
      "max_layer_output_rel_l2": 0,
      "max_parameter_gradient_rel_l2": 0
    },
    {
      "policy": "native",
      "rank": 1,
      "numerical_passed": true,
      "checks": 123,
      "max_loss_abs": 0.0,
      "max_layer_output_rel_l2": 0,
      "max_parameter_gradient_rel_l2": 0
    },
    {
      "policy": "native",
      "rank": 2,
      "numerical_passed": true,
      "checks": 123,
      "max_loss_abs": 0.0,
      "max_layer_output_rel_l2": 0,
      "max_parameter_gradient_rel_l2": 0
    },
    {
      "policy": "native",
      "rank": 3,
      "numerical_passed": true,
      "checks": 123,
      "max_loss_abs": 0.0,
      "max_layer_output_rel_l2": 0,
      "max_parameter_gradient_rel_l2": 0
    },
    {
      "policy": "native-repeat",
      "rank": 0,
      "numerical_passed": true,
      "checks": 123,
      "max_loss_abs": 0.0,
      "max_layer_output_rel_l2": 0.0,
      "max_parameter_gradient_rel_l2": 0.0
    },
    {
      "policy": "native-repeat",
      "rank": 1,
      "numerical_passed": true,
      "checks": 123,
      "max_loss_abs": 0.0,
      "max_layer_output_rel_l2": 0.0,
      "max_parameter_gradient_rel_l2": 0.0
    },
    {
      "policy": "native-repeat",
      "rank": 2,
      "numerical_passed": true,
      "checks": 123,
      "max_loss_abs": 0.0,
      "max_layer_output_rel_l2": 0.0,
      "max_parameter_gradient_rel_l2": 0.0
    },
    {
      "policy": "native-repeat",
      "rank": 3,
      "numerical_passed": true,
      "checks": 123,
      "max_loss_abs": 0.0,
      "max_layer_output_rel_l2": 0.0,
      "max_parameter_gradient_rel_l2": 0.0
    },
    {
      "policy": "original",
      "rank": 0,
      "numerical_passed": true,
      "checks": 123,
      "max_loss_abs": 0.0009255409240722656,
      "max_layer_output_rel_l2": 0.008470508842965626,
      "max_parameter_gradient_rel_l2": 0.01008187469273014
    },
    {
      "policy": "original",
      "rank": 1,
      "numerical_passed": true,
      "checks": 123,
      "max_loss_abs": 0.0009255409240722656,
      "max_layer_output_rel_l2": 0.008321957735036795,
      "max_parameter_gradient_rel_l2": 0.01008187469273014
    },
    {
      "policy": "original",
      "rank": 2,
      "numerical_passed": true,
      "checks": 123,
      "max_loss_abs": 0.0009255409240722656,
      "max_layer_output_rel_l2": 0.008307384773091998,
      "max_parameter_gradient_rel_l2": 0.01008187469273014
    },
    {
      "policy": "original",
      "rank": 3,
      "numerical_passed": true,
      "checks": 123,
      "max_loss_abs": 0.0009255409240722656,
      "max_layer_output_rel_l2": 0.008281599458016693,
      "max_parameter_gradient_rel_l2": 0.01008187469273014
    },
    {
      "policy": "remote_first",
      "rank": 0,
      "numerical_passed": false,
      "checks": 123,
      "max_loss_abs": 0.0006203651428222656,
      "max_layer_output_rel_l2": 0.008479729524271746,
      "max_parameter_gradient_rel_l2": 0.010128036109380394
    },
    {
      "policy": "remote_first",
      "rank": 1,
      "numerical_passed": false,
      "checks": 123,
      "max_loss_abs": 0.0006203651428222656,
      "max_layer_output_rel_l2": 0.008342065641861279,
      "max_parameter_gradient_rel_l2": 0.010128036109380394
    },
    {
      "policy": "remote_first",
      "rank": 2,
      "numerical_passed": false,
      "checks": 123,
      "max_loss_abs": 0.0006203651428222656,
      "max_layer_output_rel_l2": 0.008311338126332526,
      "max_parameter_gradient_rel_l2": 0.010128036109380394
    },
    {
      "policy": "remote_first",
      "rank": 3,
      "numerical_passed": false,
      "checks": 123,
      "max_loss_abs": 0.0006203651428222656,
      "max_layer_output_rel_l2": 0.008243779236191583,
      "max_parameter_gradient_rel_l2": 0.010128036109380394
    },
    {
      "policy": "interleaved",
      "rank": 0,
      "numerical_passed": true,
      "checks": 123,
      "max_loss_abs": 0.0011663436889648438,
      "max_layer_output_rel_l2": 0.008464760868527895,
      "max_parameter_gradient_rel_l2": 0.010051662980435796
    },
    {
      "policy": "interleaved",
      "rank": 1,
      "numerical_passed": true,
      "checks": 123,
      "max_loss_abs": 0.0011663436889648438,
      "max_layer_output_rel_l2": 0.008330787918357086,
      "max_parameter_gradient_rel_l2": 0.010012548100721235
    },
    {
      "policy": "interleaved",
      "rank": 2,
      "numerical_passed": true,
      "checks": 123,
      "max_loss_abs": 0.0011663436889648438,
      "max_layer_output_rel_l2": 0.008292787776511584,
      "max_parameter_gradient_rel_l2": 0.01003204495264187
    },
    {
      "policy": "interleaved",
      "rank": 3,
      "numerical_passed": true,
      "checks": 123,
      "max_loss_abs": 0.0011663436889648438,
      "max_layer_output_rel_l2": 0.008258088192428537,
      "max_parameter_gradient_rel_l2": 0.010048643109389108
    }
  ],
  "pilot": [
    {
      "policy": "native",
      "ms_per_step": 67.7554864436388,
      "tokens_per_second": 60452.669075104124
    },
    {
      "policy": "original",
      "ms_per_step": 65.38432985544205,
      "tokens_per_second": 62644.97944776416
    },
    {
      "policy": "remote_first",
      "ms_per_step": 64.85721468925476,
      "tokens_per_second": 63154.115076092006
    },
    {
      "policy": "interleaved",
      "ms_per_step": 64.83521088957787,
      "tokens_per_second": 63175.54834480262
    }
  ],
  "profile": [
    {
      "policy": "native",
      "rank": 0,
      "flux_gemm_rs_calls": 0,
      "fused_kernel_sum_us": 0,
      "hparams": "",
      "note": "Independent diagnostic; kernel sums are not model critical-path fractions"
    },
    {
      "policy": "native",
      "rank": 1,
      "flux_gemm_rs_calls": 0,
      "fused_kernel_sum_us": 0,
      "hparams": "",
      "note": "Independent diagnostic; kernel sums are not model critical-path fractions"
    },
    {
      "policy": "native",
      "rank": 2,
      "flux_gemm_rs_calls": 0,
      "fused_kernel_sum_us": 0,
      "hparams": "",
      "note": "Independent diagnostic; kernel sums are not model critical-path fractions"
    },
    {
      "policy": "native",
      "rank": 3,
      "flux_gemm_rs_calls": 0,
      "fused_kernel_sum_us": 0,
      "hparams": "",
      "note": "Independent diagnostic; kernel sums are not model critical-path fractions"
    },
    {
      "policy": "original",
      "rank": 0,
      "flux_gemm_rs_calls": 32,
      "fused_kernel_sum_us": 906.204,
      "hparams": "64x64x32_16x8x16_streamksk_nil_128x128x32_gemmstreamk_3_rasterheuristic",
      "note": "Independent diagnostic; kernel sums are not model critical-path fractions"
    },
    {
      "policy": "original",
      "rank": 1,
      "flux_gemm_rs_calls": 32,
      "fused_kernel_sum_us": 897.882,
      "hparams": "64x64x32_16x8x16_streamksk_nil_128x128x32_gemmstreamk_3_rasterheuristic",
      "note": "Independent diagnostic; kernel sums are not model critical-path fractions"
    },
    {
      "policy": "original",
      "rank": 2,
      "flux_gemm_rs_calls": 32,
      "fused_kernel_sum_us": 897.699,
      "hparams": "64x64x32_16x8x16_streamksk_nil_128x128x32_gemmstreamk_3_rasterheuristic",
      "note": "Independent diagnostic; kernel sums are not model critical-path fractions"
    },
    {
      "policy": "original",
      "rank": 3,
      "flux_gemm_rs_calls": 32,
      "fused_kernel_sum_us": 914.7199999999998,
      "hparams": "64x64x32_16x8x16_streamksk_nil_128x128x32_gemmstreamk_3_rasterheuristic",
      "note": "Independent diagnostic; kernel sums are not model critical-path fractions"
    },
    {
      "policy": "remote_first",
      "rank": 0,
      "flux_gemm_rs_calls": 32,
      "fused_kernel_sum_us": 929.9200000000001,
      "hparams": "64x64x32_16x8x16_streamksk_nil_128x128x32_gemmstreamk_3_rasterheuristic",
      "note": "Independent diagnostic; kernel sums are not model critical-path fractions"
    },
    {
      "policy": "remote_first",
      "rank": 1,
      "flux_gemm_rs_calls": 32,
      "fused_kernel_sum_us": 847.96,
      "hparams": "64x64x32_16x8x16_streamksk_nil_128x128x32_gemmstreamk_3_rasterheuristic",
      "note": "Independent diagnostic; kernel sums are not model critical-path fractions"
    },
    {
      "policy": "remote_first",
      "rank": 2,
      "flux_gemm_rs_calls": 32,
      "fused_kernel_sum_us": 850.7479999999998,
      "hparams": "64x64x32_16x8x16_streamksk_nil_128x128x32_gemmstreamk_3_rasterheuristic",
      "note": "Independent diagnostic; kernel sums are not model critical-path fractions"
    },
    {
      "policy": "remote_first",
      "rank": 3,
      "flux_gemm_rs_calls": 32,
      "fused_kernel_sum_us": 860.959,
      "hparams": "64x64x32_16x8x16_streamksk_nil_128x128x32_gemmstreamk_3_rasterheuristic",
      "note": "Independent diagnostic; kernel sums are not model critical-path fractions"
    },
    {
      "policy": "interleaved",
      "rank": 0,
      "flux_gemm_rs_calls": 32,
      "fused_kernel_sum_us": 851.5139999999998,
      "hparams": "64x64x32_16x8x16_streamksk_nil_128x128x32_gemmstreamk_3_rasterheuristic",
      "note": "Independent diagnostic; kernel sums are not model critical-path fractions"
    },
    {
      "policy": "interleaved",
      "rank": 1,
      "flux_gemm_rs_calls": 32,
      "fused_kernel_sum_us": 846.4560000000002,
      "hparams": "64x64x32_16x8x16_streamksk_nil_128x128x32_gemmstreamk_3_rasterheuristic",
      "note": "Independent diagnostic; kernel sums are not model critical-path fractions"
    },
    {
      "policy": "interleaved",
      "rank": 2,
      "flux_gemm_rs_calls": 32,
      "fused_kernel_sum_us": 857.8559999999999,
      "hparams": "64x64x32_16x8x16_streamksk_nil_128x128x32_gemmstreamk_3_rasterheuristic",
      "note": "Independent diagnostic; kernel sums are not model critical-path fractions"
    },
    {
      "policy": "interleaved",
      "rank": 3,
      "flux_gemm_rs_calls": 32,
      "fused_kernel_sum_us": 835.0069999999998,
      "hparams": "64x64x32_16x8x16_streamksk_nil_128x128x32_gemmstreamk_3_rasterheuristic",
      "note": "Independent diagnostic; kernel sums are not model critical-path fractions"
    }
  ],
  "scope": "Full Megatron GPT, four accumulated microsteps plus native gradient finalization, FP32-master Apex Adam and gradient clearing. Fixed GPU-resident synthetic tokens; exclude initialization, data preparation/H2D, validation/profiling and checkpoint IO. Native is the framework reference; sorting comparisons use the common IPC-fixed original Flux. Fresh deterministic model/optimizer/RNG/data state per process and window.",
  "limitations": [
    "Small fixed synthetic GPT only; not a convergence guarantee.",
    "Pilot is not formal performance evidence; no paired confidence interval yet."
  ]
}
E2E_JOB_PASS validate /data/run01/scyb672/hjr/TempName/logs/a800/e2e/comparison/178710
