START window-00-native
DONE window-00-native
START window-01-original
DONE window-01-original
START window-02-interleaved
DONE window-02-interleaved
START window-03-remote_first
DONE window-03-remote_first
START window-04-original
DONE window-04-original
START window-05-remote_first
DONE window-05-remote_first
START window-06-native
DONE window-06-native
START window-07-interleaved
DONE window-07-interleaved
START window-08-remote_first
DONE window-08-remote_first
START window-09-interleaved
DONE window-09-interleaved
START window-10-original
DONE window-10-original
START window-11-native
DONE window-11-native
START window-12-interleaved
DONE window-12-interleaved
START window-13-native
DONE window-13-native
START window-14-remote_first
DONE window-14-remote_first
START window-15-original
DONE window-15-original
START window-16-interleaved
DONE window-16-interleaved
START window-17-native
DONE window-17-native
START window-18-remote_first
DONE window-18-remote_first
START window-19-original
DONE window-19-original
START window-20-remote_first
DONE window-20-remote_first
START window-21-interleaved
DONE window-21-interleaved
START window-22-original
DONE window-22-original
START window-23-native
DONE window-23-native
START window-24-original
DONE window-24-original
START window-25-remote_first
DONE window-25-remote_first
START window-26-native
DONE window-26-native
START window-27-interleaved
DONE window-27-interleaved
START window-28-native
DONE window-28-native
START window-29-original
DONE window-29-original
START window-30-interleaved
DONE window-30-interleaved
START window-31-remote_first
DONE window-31-remote_first
{
  "passed": true,
  "execution_passed": true,
  "status": "EXPLORATORY_ONLY",
  "numerical_admission_passed": false,
  "summary": [
    {
      "policy": "native",
      "median_ms_per_step": 67.79473995169005,
      "median_tokens_per_second": 60417.824531284066,
      "min_ms": 67.34451055526733,
      "max_ms": 68.59971781571706,
      "cv_percent": 0.6911906307985716,
      "latency_reduction_vs_native_percent": 0.0,
      "throughput_gain_vs_native_percent": 0.0,
      "ci95_low_vs_native": 0.0,
      "ci95_high_vs_native": 0.0,
      "faster_blocks_vs_native": 0,
      "latency_reduction_vs_original_percent": -5.234347397038963,
      "throughput_gain_vs_original_percent": -4.973991407282908,
      "ci95_low_vs_original": -5.832544072700373,
      "ci95_high_vs_original": -4.685822516287819,
      "faster_blocks_vs_original": 0
    },
    {
      "policy": "original",
      "median_ms_per_step": 64.5551148802042,
      "median_tokens_per_second": 63450.41666027571,
      "min_ms": 63.98205148677031,
      "max_ms": 64.98346664011478,
      "cv_percent": 0.6003649666445939,
      "latency_reduction_vs_native_percent": 4.973991407282908,
      "throughput_gain_vs_native_percent": 5.234347397038963,
      "ci95_low_vs_native": 4.476081291293066,
      "ci95_high_vs_native": 5.5111063650335295,
      "faster_blocks_vs_native": 8,
      "latency_reduction_vs_original_percent": 0.0,
      "throughput_gain_vs_original_percent": 0.0,
      "ci95_low_vs_original": 0.0,
      "ci95_high_vs_original": 0.0,
      "faster_blocks_vs_original": 0
    },
    {
      "policy": "remote_first",
      "median_ms_per_step": 64.51967594524224,
      "median_tokens_per_second": 63484.53322110535,
      "min_ms": 64.05715656777222,
      "max_ms": 65.51348616679509,
      "cv_percent": 0.6737570448940486,
      "latency_reduction_vs_native_percent": 4.865036086241159,
      "throughput_gain_vs_native_percent": 5.113825544361772,
      "ci95_low_vs_native": 4.345183835187239,
      "ci95_high_vs_native": 5.372348619223832,
      "faster_blocks_vs_native": 8,
      "latency_reduction_vs_original_percent": -0.11465842105264912,
      "throughput_gain_vs_original_percent": -0.11452710608114147,
      "ci95_low_vs_original": -0.5526695749140087,
      "ci95_high_vs_original": 0.31417798158721527,
      "faster_blocks_vs_original": 4
    },
    {
      "policy": "interleaved",
      "median_ms_per_step": 64.66605253517628,
      "median_tokens_per_second": 63340.84530428862,
      "min_ms": 64.29712076981862,
      "max_ms": 66.54320222636063,
      "cv_percent": 1.1647655112441286,
      "latency_reduction_vs_native_percent": 4.366386389710531,
      "throughput_gain_vs_native_percent": 4.565744433232144,
      "ci95_low_vs_native": 3.8409832859130577,
      "ci95_high_vs_native": 4.820380539648516,
      "faster_blocks_vs_native": 8,
      "latency_reduction_vs_original_percent": -0.6394091749939657,
      "throughput_gain_vs_original_percent": -0.6353467098382359,
      "ci95_low_vs_original": -1.3490481949016253,
      "ci95_high_vs_original": 0.0397010029604461,
      "faster_blocks_vs_original": 2
    }
  ],
  "windows": 32,
  "scope": "Full Megatron GPT, four accumulated microsteps plus native gradient finalization, FP32-master Apex Adam and gradient clearing. Fixed GPU-resident synthetic tokens; exclude initialization, data preparation/H2D, validation/profiling and checkpoint IO. Native is the framework reference; sorting comparisons use the common IPC-fixed original Flux. Fresh deterministic model/optimizer/RNG/data state per process and window.",
  "practical_threshold_percent": 1.0,
  "interval_unit": "8 paired blocks, not individual optimizer steps",
  "limitations": [
    "One small GPU-resident synthetic model configuration.",
    "Each job interval is descriptive within that GPU allocation; compare both independent jobs."
  ]
}
E2E_JOB_PASS exploratory-timing /data/run01/scyb672/hjr/TempName/logs/a800/e2e/comparison/178711
