START window-00-native
DONE window-00-native
START window-01-original
DONE window-01-original
START window-02-interleaved
DONE window-02-interleaved
START window-03-remote_first
DONE window-03-remote_first
START window-04-original
DONE window-04-original
START window-05-remote_first
DONE window-05-remote_first
START window-06-native
DONE window-06-native
START window-07-interleaved
DONE window-07-interleaved
START window-08-remote_first
DONE window-08-remote_first
START window-09-interleaved
DONE window-09-interleaved
START window-10-original
DONE window-10-original
START window-11-native
DONE window-11-native
START window-12-interleaved
DONE window-12-interleaved
START window-13-native
DONE window-13-native
START window-14-remote_first
DONE window-14-remote_first
START window-15-original
DONE window-15-original
START window-16-interleaved
DONE window-16-interleaved
START window-17-native
DONE window-17-native
START window-18-remote_first
DONE window-18-remote_first
START window-19-original
DONE window-19-original
START window-20-remote_first
DONE window-20-remote_first
START window-21-interleaved
DONE window-21-interleaved
START window-22-original
DONE window-22-original
START window-23-native
DONE window-23-native
START window-24-original
DONE window-24-original
START window-25-remote_first
DONE window-25-remote_first
START window-26-native
DONE window-26-native
START window-27-interleaved
DONE window-27-interleaved
START window-28-native
DONE window-28-native
START window-29-original
DONE window-29-original
START window-30-interleaved
DONE window-30-interleaved
START window-31-remote_first
DONE window-31-remote_first
{
  "passed": true,
  "execution_passed": true,
  "status": "EXPLORATORY_ONLY",
  "numerical_admission_passed": false,
  "summary": [
    {
      "policy": "native",
      "median_ms_per_step": 67.52325128763914,
      "median_tokens_per_second": 60661.091914624456,
      "min_ms": 66.79592505097389,
      "max_ms": 68.01310392717521,
      "cv_percent": 0.6747961188335991,
      "latency_reduction_vs_native_percent": 0.0,
      "throughput_gain_vs_native_percent": 0.0,
      "ci95_low_vs_native": 0.0,
      "ci95_high_vs_native": 0.0,
      "faster_blocks_vs_native": 0,
      "latency_reduction_vs_original_percent": -4.672569175528074,
      "throughput_gain_vs_original_percent": -4.4639863264390955,
      "ci95_low_vs_original": -5.213322626452754,
      "ci95_high_vs_original": -4.142866213930421,
      "faster_blocks_vs_original": 0
    },
    {
      "policy": "original",
      "median_ms_per_step": 64.38538922617832,
      "median_tokens_per_second": 63617.135792683606,
      "min_ms": 64.02052280803521,
      "max_ms": 65.34610465168953,
      "cv_percent": 0.6930620016624655,
      "latency_reduction_vs_native_percent": 4.4639863264390955,
      "throughput_gain_vs_native_percent": 4.672569175528074,
      "ci95_low_vs_native": 3.9780604897367238,
      "ci95_high_vs_native": 4.955002366916994,
      "faster_blocks_vs_native": 8,
      "latency_reduction_vs_original_percent": 0.0,
      "throughput_gain_vs_original_percent": 0.0,
      "ci95_low_vs_original": 0.0,
      "ci95_high_vs_original": 0.0,
      "faster_blocks_vs_original": 0
    },
    {
      "policy": "remote_first",
      "median_ms_per_step": 64.45065780232349,
      "median_tokens_per_second": 63552.588145192945,
      "min_ms": 64.1878134260575,
      "max_ms": 64.83895828326543,
      "cv_percent": 0.347023416388093,
      "latency_reduction_vs_native_percent": 4.456838735083702,
      "throughput_gain_vs_native_percent": 4.664738612453956,
      "ci95_low_vs_native": 4.018133735925752,
      "ci95_high_vs_native": 4.838797323174138,
      "faster_blocks_vs_native": 8,
      "latency_reduction_vs_original_percent": -0.007481567505851494,
      "throughput_gain_vs_original_percent": -0.007481007809206908,
      "ci95_low_vs_original": -0.4705329087891913,
      "ci95_high_vs_original": 0.4685334728948764,
      "faster_blocks_vs_original": 3
    },
    {
      "policy": "interleaved",
      "median_ms_per_step": 64.43178945531449,
      "median_tokens_per_second": 63571.118793823574,
      "min_ms": 64.07102234661579,
      "max_ms": 64.98487517237663,
      "cv_percent": 0.5436801121517503,
      "latency_reduction_vs_native_percent": 4.365654167011779,
      "throughput_gain_vs_native_percent": 4.564943827435974,
      "ci95_low_vs_native": 3.8470563710410635,
      "ci95_high_vs_native": 4.906772157875768,
      "faster_blocks_vs_native": 8,
      "latency_reduction_vs_original_percent": -0.10292679759835721,
      "throughput_gain_vs_original_percent": -0.1028209672694902,
      "ci95_low_vs_original": -0.6159068334791412,
      "ci95_high_vs_original": 0.42323081723887324,
      "faster_blocks_vs_original": 3
    }
  ],
  "windows": 32,
  "scope": "Full Megatron GPT, four accumulated microsteps plus native gradient finalization, FP32-master Apex Adam and gradient clearing. Fixed GPU-resident synthetic tokens; exclude initialization, data preparation/H2D, validation/profiling and checkpoint IO. Native is the framework reference; sorting comparisons use the common IPC-fixed original Flux. Fresh deterministic model/optimizer/RNG/data state per process and window.",
  "practical_threshold_percent": 1.0,
  "interval_unit": "8 paired blocks, not individual optimizer steps",
  "limitations": [
    "One small GPU-resident synthetic model configuration.",
    "Each job interval is descriptive within that GPU allocation; compare both independent jobs."
  ]
}
E2E_JOB_PASS exploratory-timing /data/run01/scyb672/hjr/TempName/logs/a800/e2e/comparison/178712
