START l12-h2048-s2048-tp4 smoke-native
DONE l12-h2048-s2048-tp4 smoke-native
START l12-h2048-s2048-tp4 smoke-original
DONE l12-h2048-s2048-tp4 smoke-original
START l12-h2048-s2048-tp4 smoke-remote_first
DONE l12-h2048-s2048-tp4 smoke-remote_first
START l12-h2048-s2048-tp4 smoke-interleaved
DONE l12-h2048-s2048-tp4 smoke-interleaved
START l12-h2048-s2048-tp4 profile-native
DONE l12-h2048-s2048-tp4 profile-native
START l12-h2048-s2048-tp4 profile-original
DONE l12-h2048-s2048-tp4 profile-original
START l12-h2048-s2048-tp4 profile-remote_first
DONE l12-h2048-s2048-tp4 profile-remote_first
START l12-h2048-s2048-tp4 profile-interleaved
DONE l12-h2048-s2048-tp4 profile-interleaved
{
  "completed": true,
  "case": {
    "name": "l12-h2048-s2048-tp4",
    "hidden": 2048,
    "ffn": 8192,
    "heads": 32,
    "sequence": 2048,
    "tp": 4
  },
  "model": {
    "layers": 12,
    "micro_batch": 1,
    "global_batch": 4,
    "seed": 1234,
    "token_seed": 4321,
    "vocab": 8192,
    "name": "l12-h2048-s2048-tp4",
    "hidden": 2048,
    "ffn": 8192,
    "heads": 32,
    "sequence": 2048,
    "tp": 4
  },
  "script_sha256": {
    "run.sbatch": "79c3bfb2fd01f0574f10ab480845cb4337fc57abc7d1086f3e98691d63a1f8eb",
    "check_mapping.cu": "5888f386bf4f17444e81070e36d8cc06206f97e20652e04d0df798ba8ae399f9",
    "launch.py": "9cb8a86db1aa8d7278798a9068b0630ae76148d21e8226564b720e04085fe137",
    "config.json": "3507ad95da6bcc55ec2b641977cbecb56ff6e7c8f43a7516ef055dce02a75e61",
    "build_mapping.py": "2e241ff1058fb2f1ff79873f05a4cca55b38bf12d905d03190bca9c0b3e4e8af",
    "summarize.py": "248ae00cd5228a9250ef47802e40a253b9bae31e5439c272c2384f5c42fc5212",
    "worker.py": "52c72ffa48473044194471104d7f285b4e25abcccc5477aa2c171e2aac6985b8",
    "adapter.py": "b4a77836b33fc51ea79c68327405551c90b4a79f93fd437d3de987d217d83bc5"
  },
  "flux_manifest_sha256": "fbb4e927fbf25db0de827861fcc278a8e05f041cb8b1ab0da8425d3882207c39",
  "smoke": [
    {
      "policy": "native",
      "smoke_ms_per_step": 210.34879113237062,
      "initial_loss": 9.475573539733887,
      "final_loss": 7.692745208740234,
      "max_peak_allocated_gib": 4.135056018829346
    },
    {
      "policy": "original",
      "smoke_ms_per_step": 204.00831227501234,
      "initial_loss": 9.475458145141602,
      "final_loss": 7.693024635314941,
      "max_peak_allocated_gib": 4.462082862854004
    },
    {
      "policy": "remote_first",
      "smoke_ms_per_step": 204.3315197030703,
      "initial_loss": 9.475637435913086,
      "final_loss": 7.6934123039245605,
      "max_peak_allocated_gib": 4.462082862854004
    },
    {
      "policy": "interleaved",
      "smoke_ms_per_step": 204.6156165500482,
      "initial_loss": 9.475570678710938,
      "final_loss": 7.691099643707275,
      "max_peak_allocated_gib": 4.462083339691162
    }
  ],
  "profiles": [
    {
      "policy": "native",
      "rank": 0,
      "calls": 0,
      "hparams": "",
      "kernel_sum_us": 0,
      "peak_allocated_gib": 4.134579181671143
    },
    {
      "policy": "native",
      "rank": 1,
      "calls": 0,
      "hparams": "",
      "kernel_sum_us": 0,
      "peak_allocated_gib": 4.135067462921143
    },
    {
      "policy": "native",
      "rank": 2,
      "calls": 0,
      "hparams": "",
      "kernel_sum_us": 0,
      "peak_allocated_gib": 4.134579181671143
    },
    {
      "policy": "native",
      "rank": 3,
      "calls": 0,
      "hparams": "",
      "kernel_sum_us": 0,
      "peak_allocated_gib": 4.134579181671143
    },
    {
      "policy": "original",
      "rank": 0,
      "calls": 96,
      "hparams": "64x64x32_16x8x16_streamksk_nil_128x128x32_gemmstreamk_3_rasterheuristic",
      "kernel_sum_us": 8543.504000000003,
      "peak_allocated_gib": 4.460630416870117
    },
    {
      "policy": "original",
      "rank": 1,
      "calls": 96,
      "hparams": "64x64x32_16x8x16_streamksk_nil_128x128x32_gemmstreamk_3_rasterheuristic",
      "kernel_sum_us": 8865.978000000001,
      "peak_allocated_gib": 4.460630416870117
    },
    {
      "policy": "original",
      "rank": 2,
      "calls": 96,
      "hparams": "64x64x32_16x8x16_streamksk_nil_128x128x32_gemmstreamk_3_rasterheuristic",
      "kernel_sum_us": 8645.594000000001,
      "peak_allocated_gib": 4.460630416870117
    },
    {
      "policy": "original",
      "rank": 3,
      "calls": 96,
      "hparams": "64x64x32_16x8x16_streamksk_nil_128x128x32_gemmstreamk_3_rasterheuristic",
      "kernel_sum_us": 8739.902000000004,
      "peak_allocated_gib": 4.460630416870117
    },
    {
      "policy": "remote_first",
      "rank": 0,
      "calls": 96,
      "hparams": "64x64x32_16x8x16_streamksk_nil_128x128x32_gemmstreamk_3_rasterheuristic",
      "kernel_sum_us": 8722.349999999999,
      "peak_allocated_gib": 4.460630416870117
    },
    {
      "policy": "remote_first",
      "rank": 1,
      "calls": 96,
      "hparams": "64x64x32_16x8x16_streamksk_nil_128x128x32_gemmstreamk_3_rasterheuristic",
      "kernel_sum_us": 8436.386999999997,
      "peak_allocated_gib": 4.460630416870117
    },
    {
      "policy": "remote_first",
      "rank": 2,
      "calls": 96,
      "hparams": "64x64x32_16x8x16_streamksk_nil_128x128x32_gemmstreamk_3_rasterheuristic",
      "kernel_sum_us": 8432.948,
      "peak_allocated_gib": 4.460630416870117
    },
    {
      "policy": "remote_first",
      "rank": 3,
      "calls": 96,
      "hparams": "64x64x32_16x8x16_streamksk_nil_128x128x32_gemmstreamk_3_rasterheuristic",
      "kernel_sum_us": 8730.022000000003,
      "peak_allocated_gib": 4.460630416870117
    },
    {
      "policy": "interleaved",
      "rank": 0,
      "calls": 96,
      "hparams": "64x64x32_16x8x16_streamksk_nil_128x128x32_gemmstreamk_3_rasterheuristic",
      "kernel_sum_us": 8755.889999999998,
      "peak_allocated_gib": 4.460630416870117
    },
    {
      "policy": "interleaved",
      "rank": 1,
      "calls": 96,
      "hparams": "64x64x32_16x8x16_streamksk_nil_128x128x32_gemmstreamk_3_rasterheuristic",
      "kernel_sum_us": 8993.344,
      "peak_allocated_gib": 4.460630416870117
    },
    {
      "policy": "interleaved",
      "rank": 2,
      "calls": 96,
      "hparams": "64x64x32_16x8x16_streamksk_nil_128x128x32_gemmstreamk_3_rasterheuristic",
      "kernel_sum_us": 8524.913999999999,
      "peak_allocated_gib": 4.460630416870117
    },
    {
      "policy": "interleaved",
      "rank": 3,
      "calls": 96,
      "hparams": "64x64x32_16x8x16_streamksk_nil_128x128x32_gemmstreamk_3_rasterheuristic",
      "kernel_sum_us": 8869.572999999999,
      "peak_allocated_gib": 4.462095260620117
    }
  ],
  "scope": "Finite full-model short training, actual shape/mapping/kernel checks; no small-model error thresholds."
}
SCALE_JOB_COMPLETE l12-h2048-s2048-tp4 preflight /data/run01/scyb672/hjr/TempName/logs/a800/e2e/scale/178746
