START l12-h2048-s2048-tp4 window-00-native
DONE l12-h2048-s2048-tp4 window-00-native
START l12-h2048-s2048-tp4 window-01-original
DONE l12-h2048-s2048-tp4 window-01-original
START l12-h2048-s2048-tp4 window-02-interleaved
DONE l12-h2048-s2048-tp4 window-02-interleaved
START l12-h2048-s2048-tp4 window-03-remote_first
DONE l12-h2048-s2048-tp4 window-03-remote_first
START l12-h2048-s2048-tp4 window-04-original
DONE l12-h2048-s2048-tp4 window-04-original
START l12-h2048-s2048-tp4 window-05-remote_first
DONE l12-h2048-s2048-tp4 window-05-remote_first
START l12-h2048-s2048-tp4 window-06-native
DONE l12-h2048-s2048-tp4 window-06-native
START l12-h2048-s2048-tp4 window-07-interleaved
DONE l12-h2048-s2048-tp4 window-07-interleaved
START l12-h2048-s2048-tp4 window-08-remote_first
DONE l12-h2048-s2048-tp4 window-08-remote_first
START l12-h2048-s2048-tp4 window-09-interleaved
DONE l12-h2048-s2048-tp4 window-09-interleaved
START l12-h2048-s2048-tp4 window-10-original
DONE l12-h2048-s2048-tp4 window-10-original
START l12-h2048-s2048-tp4 window-11-native
DONE l12-h2048-s2048-tp4 window-11-native
START l12-h2048-s2048-tp4 window-12-interleaved
DONE l12-h2048-s2048-tp4 window-12-interleaved
START l12-h2048-s2048-tp4 window-13-native
DONE l12-h2048-s2048-tp4 window-13-native
START l12-h2048-s2048-tp4 window-14-remote_first
DONE l12-h2048-s2048-tp4 window-14-remote_first
START l12-h2048-s2048-tp4 window-15-original
DONE l12-h2048-s2048-tp4 window-15-original
{
  "completed": true,
  "case": {
    "name": "l12-h2048-s2048-tp4",
    "hidden": 2048,
    "ffn": 8192,
    "heads": 32,
    "sequence": 2048,
    "tp": 4
  },
  "model": {
    "layers": 12,
    "micro_batch": 1,
    "global_batch": 4,
    "seed": 1234,
    "token_seed": 4321,
    "vocab": 8192,
    "name": "l12-h2048-s2048-tp4",
    "hidden": 2048,
    "ffn": 8192,
    "heads": 32,
    "sequence": 2048,
    "tp": 4
  },
  "summary": [
    {
      "case": "l12-h2048-s2048-tp4",
      "TP": 4,
      "hidden": 2048,
      "sequence": 2048,
      "policy": "native",
      "median_ms_per_step": 209.19455559924245,
      "median_tokens_per_second": 39159.72026282943,
      "min_ms": 208.96967314183712,
      "max_ms": 209.5521081238985,
      "cv_percent": 0.11608774385709734,
      "initial_loss": 9.475573539733887,
      "first_timed_loss": 5.981937408447266,
      "last_timed_loss": 0.05944008380174637,
      "final_grad_norm": 2.424111594838603,
      "max_peak_allocated_gib": 4.135103225708008,
      "max_peak_reserved_gib": 4.37890625,
      "latency_reduction_vs_native_percent": 0.0,
      "ci95_low_vs_native": 0.0,
      "ci95_high_vs_native": 0.0,
      "faster_blocks_vs_native": 0,
      "latency_reduction_vs_original_percent": -2.672537712730838,
      "ci95_low_vs_original": -2.8394438478917206,
      "ci95_high_vs_original": -2.544004456233928,
      "faster_blocks_vs_original": 0
    },
    {
      "case": "l12-h2048-s2048-tp4",
      "TP": 4,
      "hidden": 2048,
      "sequence": 2048,
      "policy": "original",
      "median_ms_per_step": 203.74892065301538,
      "median_tokens_per_second": 40206.36200540009,
      "min_ms": 203.59910856932402,
      "max_ms": 204.02928069233894,
      "cv_percent": 0.10048470197624602,
      "initial_loss": 9.475458145141602,
      "first_timed_loss": 6.062554359436035,
      "last_timed_loss": 0.06524783372879028,
      "final_grad_norm": 2.819256867640138,
      "max_peak_allocated_gib": 4.462131023406982,
      "max_peak_reserved_gib": 4.708984375,
      "latency_reduction_vs_native_percent": 2.6029722964561186,
      "ci95_low_vs_native": 2.480890491573995,
      "ci95_high_vs_native": 2.761045510992366,
      "faster_blocks_vs_native": 4,
      "latency_reduction_vs_original_percent": 0.0,
      "ci95_low_vs_original": 0.0,
      "ci95_high_vs_original": 0.0,
      "faster_blocks_vs_original": 0
    },
    {
      "case": "l12-h2048-s2048-tp4",
      "TP": 4,
      "hidden": 2048,
      "sequence": 2048,
      "policy": "remote_first",
      "median_ms_per_step": 203.6668279208243,
      "median_tokens_per_second": 40222.554079035974,
      "min_ms": 203.59278805553913,
      "max_ms": 203.72824613004923,
      "cv_percent": 0.02721399842203205,
      "initial_loss": 9.475637435913086,
      "first_timed_loss": 6.031702995300293,
      "last_timed_loss": 0.05971653759479523,
      "final_grad_norm": 2.445805996466415,
      "max_peak_allocated_gib": 4.462131023406982,
      "max_peak_reserved_gib": 4.728515625,
      "latency_reduction_vs_native_percent": 2.659281135979108,
      "ci95_low_vs_native": 2.5875265320751795,
      "ci95_high_vs_native": 2.762733530317507,
      "faster_blocks_vs_native": 4,
      "latency_reduction_vs_original_percent": 0.05781371449483652,
      "ci95_low_vs_original": -0.007645951482548874,
      "ci95_high_vs_original": 0.133718612431466,
      "faster_blocks_vs_original": 3
    },
    {
      "case": "l12-h2048-s2048-tp4",
      "TP": 4,
      "hidden": 2048,
      "sequence": 2048,
      "policy": "interleaved",
      "median_ms_per_step": 203.74761912971735,
      "median_tokens_per_second": 40206.60480288511,
      "min_ms": 203.56354657560587,
      "max_ms": 203.81139628589153,
      "cv_percent": 0.05252715325100807,
      "initial_loss": 9.475570678710938,
      "first_timed_loss": 6.011054992675781,
      "last_timed_loss": 0.060676172375679016,
      "final_grad_norm": 2.5060071299543583,
      "max_peak_allocated_gib": 4.462615489959717,
      "max_peak_reserved_gib": 4.771484375,
      "latency_reduction_vs_native_percent": 2.6335401047241747,
      "ci95_low_vs_native": 2.5064028625583323,
      "ci95_high_vs_native": 2.7902394930169883,
      "faster_blocks_vs_native": 4,
      "latency_reduction_vs_original_percent": 0.031384744471973924,
      "ci95_low_vs_original": -0.0636265017897708,
      "ci95_high_vs_original": 0.1126552307842088,
      "faster_blocks_vs_original": 3
    }
  ],
  "windows": 16,
  "tokens_per_optimizer_step": 8192,
  "timing_steps": [
    11,
    30
  ],
  "scope": "12-layer GPT full GPU-resident optimizer steps, BF16 and TP only. Native Megatron, original Flux, remote-first and interleaved. Four position-balanced blocks per independent job, two job repetitions per case. Record loss, wall time, throughput, gradients and peak memory. No prior small-model error thresholds applied.",
  "interval_unit": "4 paired blocks within this job"
}
SCALE_JOB_COMPLETE l12-h2048-s2048-tp4 timing /data/run01/scyb672/hjr/TempName/logs/a800/e2e/scale/178760
