START l12-h2048-s2048-tp4 window-00-native
DONE l12-h2048-s2048-tp4 window-00-native
START l12-h2048-s2048-tp4 window-01-original
DONE l12-h2048-s2048-tp4 window-01-original
START l12-h2048-s2048-tp4 window-02-interleaved
DONE l12-h2048-s2048-tp4 window-02-interleaved
START l12-h2048-s2048-tp4 window-03-remote_first
DONE l12-h2048-s2048-tp4 window-03-remote_first
START l12-h2048-s2048-tp4 window-04-original
DONE l12-h2048-s2048-tp4 window-04-original
START l12-h2048-s2048-tp4 window-05-remote_first
DONE l12-h2048-s2048-tp4 window-05-remote_first
START l12-h2048-s2048-tp4 window-06-native
DONE l12-h2048-s2048-tp4 window-06-native
START l12-h2048-s2048-tp4 window-07-interleaved
DONE l12-h2048-s2048-tp4 window-07-interleaved
START l12-h2048-s2048-tp4 window-08-remote_first
DONE l12-h2048-s2048-tp4 window-08-remote_first
START l12-h2048-s2048-tp4 window-09-interleaved
DONE l12-h2048-s2048-tp4 window-09-interleaved
START l12-h2048-s2048-tp4 window-10-original
DONE l12-h2048-s2048-tp4 window-10-original
START l12-h2048-s2048-tp4 window-11-native
DONE l12-h2048-s2048-tp4 window-11-native
START l12-h2048-s2048-tp4 window-12-interleaved
DONE l12-h2048-s2048-tp4 window-12-interleaved
START l12-h2048-s2048-tp4 window-13-native
DONE l12-h2048-s2048-tp4 window-13-native
START l12-h2048-s2048-tp4 window-14-remote_first
DONE l12-h2048-s2048-tp4 window-14-remote_first
START l12-h2048-s2048-tp4 window-15-original
DONE l12-h2048-s2048-tp4 window-15-original
{
  "completed": true,
  "case": {
    "name": "l12-h2048-s2048-tp4",
    "hidden": 2048,
    "ffn": 8192,
    "heads": 32,
    "sequence": 2048,
    "tp": 4
  },
  "model": {
    "layers": 12,
    "micro_batch": 1,
    "global_batch": 4,
    "seed": 1234,
    "token_seed": 4321,
    "vocab": 8192,
    "name": "l12-h2048-s2048-tp4",
    "hidden": 2048,
    "ffn": 8192,
    "heads": 32,
    "sequence": 2048,
    "tp": 4
  },
  "summary": [
    {
      "case": "l12-h2048-s2048-tp4",
      "TP": 4,
      "hidden": 2048,
      "sequence": 2048,
      "policy": "native",
      "median_ms_per_step": 209.38879791647196,
      "median_tokens_per_second": 39123.403165283904,
      "min_ms": 208.89434851706028,
      "max_ms": 210.56632660329342,
      "cv_percent": 0.34185656536629017,
      "initial_loss": 9.475573539733887,
      "first_timed_loss": 5.981937408447266,
      "last_timed_loss": 0.05944008380174637,
      "final_grad_norm": 2.424111594838603,
      "max_peak_allocated_gib": 4.135101318359375,
      "max_peak_reserved_gib": 4.50390625,
      "latency_reduction_vs_native_percent": 0.0,
      "ci95_low_vs_native": 0.0,
      "ci95_high_vs_native": 0.0,
      "faster_blocks_vs_native": 0,
      "latency_reduction_vs_original_percent": -2.8164976131823893,
      "ci95_low_vs_original": -3.0691907068730817,
      "ci95_high_vs_original": -2.575108328988751,
      "faster_blocks_vs_original": 0
    },
    {
      "case": "l12-h2048-s2048-tp4",
      "TP": 4,
      "hidden": 2048,
      "sequence": 2048,
      "policy": "original",
      "median_ms_per_step": 203.8387761451304,
      "median_tokens_per_second": 40188.62450731006,
      "min_ms": 203.4963535144925,
      "max_ms": 204.09901775419712,
      "cv_percent": 0.12138943415022213,
      "initial_loss": 9.475458145141602,
      "first_timed_loss": 6.062554359436035,
      "last_timed_loss": 0.06524783372879028,
      "final_grad_norm": 2.819256867640138,
      "max_peak_allocated_gib": 4.462131023406982,
      "max_peak_reserved_gib": 4.708984375,
      "latency_reduction_vs_native_percent": 2.7393440533042157,
      "ci95_low_vs_native": 2.510461232689709,
      "ci95_high_vs_native": 2.977796454812376,
      "faster_blocks_vs_native": 4,
      "latency_reduction_vs_original_percent": 0.0,
      "ci95_low_vs_original": 0.0,
      "ci95_high_vs_original": 0.0,
      "faster_blocks_vs_original": 0
    },
    {
      "case": "l12-h2048-s2048-tp4",
      "TP": 4,
      "hidden": 2048,
      "sequence": 2048,
      "policy": "remote_first",
      "median_ms_per_step": 203.36861284449697,
      "median_tokens_per_second": 40281.54876074991,
      "min_ms": 203.1383577734232,
      "max_ms": 203.7934536114335,
      "cv_percent": 0.1422672969512983,
      "initial_loss": 9.475637435913086,
      "first_timed_loss": 6.031702995300293,
      "last_timed_loss": 0.05971653759479523,
      "final_grad_norm": 2.445805996466415,
      "max_peak_allocated_gib": 4.462131023406982,
      "max_peak_reserved_gib": 4.728515625,
      "latency_reduction_vs_native_percent": 2.9307049495468696,
      "ci95_low_vs_native": 2.564872401391738,
      "ci95_high_vs_native": 3.3234793104637728,
      "faster_blocks_vs_native": 4,
      "latency_reduction_vs_original_percent": 0.19675057131788298,
      "ci95_low_vs_original": 0.05681131563921582,
      "ci95_high_vs_original": 0.3552965148513554,
      "faster_blocks_vs_original": 4
    },
    {
      "case": "l12-h2048-s2048-tp4",
      "TP": 4,
      "hidden": 2048,
      "sequence": 2048,
      "policy": "interleaved",
      "median_ms_per_step": 203.6850749514997,
      "median_tokens_per_second": 40218.95418549399,
      "min_ms": 203.60126625746489,
      "max_ms": 203.86634599417448,
      "cv_percent": 0.059838011922323076,
      "initial_loss": 9.475570678710938,
      "first_timed_loss": 6.011054992675781,
      "last_timed_loss": 0.060676172375679016,
      "final_grad_norm": 2.5060071299543583,
      "max_peak_allocated_gib": 4.462131023406982,
      "max_peak_reserved_gib": 4.708984375,
      "latency_reduction_vs_native_percent": 2.79121738387772,
      "ci95_low_vs_native": 2.5886191270486414,
      "ci95_high_vs_native": 3.047532310103984,
      "faster_blocks_vs_native": 4,
      "latency_reduction_vs_original_percent": 0.05333434169098039,
      "ci95_low_vs_original": -0.06364973649743977,
      "ci95_high_vs_original": 0.11300800918909726,
      "faster_blocks_vs_original": 3
    }
  ],
  "windows": 16,
  "tokens_per_optimizer_step": 8192,
  "timing_steps": [
    11,
    30
  ],
  "scope": "12-layer GPT full GPU-resident optimizer steps, BF16 and TP only. Native Megatron, original Flux, remote-first and interleaved. Four position-balanced blocks per independent job, two job repetitions per case. Record loss, wall time, throughput, gradients and peak memory. No prior small-model error thresholds applied.",
  "interval_unit": "4 paired blocks within this job"
}
SCALE_JOB_COMPLETE l12-h2048-s2048-tp4 timing /data/run01/scyb672/hjr/TempName/logs/a800/e2e/scale/178759
