WARNING:root:Failed to load NVSHMEM libs
WARNING:root:Failed to load NVSHMEM libs
NCCL version 2.21.5+cuda12.4
WINDOW COMPLETE 0 original rank0 median us 679.4342422485352
WARNING:root:Failed to load NVSHMEM libs
WARNING:root:Failed to load NVSHMEM libs
NCCL version 2.21.5+cuda12.4
WINDOW COMPLETE 1 remote_first rank0 median us 666.9158554077148
WARNING:root:Failed to load NVSHMEM libs
WARNING:root:Failed to load NVSHMEM libs
NCCL version 2.21.5+cuda12.4
WINDOW COMPLETE 2 interleaved rank0 median us 696.6937637329102
WARNING:root:Failed to load NVSHMEM libs
WARNING:root:Failed to load NVSHMEM libs
NCCL version 2.21.5+cuda12.4
WINDOW COMPLETE 3 remote_first rank0 median us 670.0851058959961
WARNING:root:Failed to load NVSHMEM libs
WARNING:root:Failed to load NVSHMEM libs
NCCL version 2.21.5+cuda12.4
WINDOW COMPLETE 4 interleaved rank0 median us 696.8524551391602
WARNING:root:Failed to load NVSHMEM libs
WARNING:root:Failed to load NVSHMEM libs
NCCL version 2.21.5+cuda12.4
WINDOW COMPLETE 5 original rank0 median us 679.7824096679688
WARNING:root:Failed to load NVSHMEM libs
WARNING:root:Failed to load NVSHMEM libs
NCCL version 2.21.5+cuda12.4
WINDOW COMPLETE 6 interleaved rank0 median us 697.0470428466797
WARNING:root:Failed to load NVSHMEM libs
WARNING:root:Failed to load NVSHMEM libs
NCCL version 2.21.5+cuda12.4
WINDOW COMPLETE 7 original rank0 median us 681.5027236938477
WARNING:root:Failed to load NVSHMEM libs
WARNING:root:Failed to load NVSHMEM libs
NCCL version 2.21.5+cuda12.4
WINDOW COMPLETE 8 remote_first rank0 median us 669.3632125854492
WARNING:root:Failed to load NVSHMEM libs
WARNING:root:Failed to load NVSHMEM libs
NCCL version 2.21.5+cuda12.4
WINDOW COMPLETE 9 original rank0 median us 677.7344131469727
WARNING:root:Failed to load NVSHMEM libs
WARNING:root:Failed to load NVSHMEM libs
NCCL version 2.21.5+cuda12.4
WINDOW COMPLETE 10 interleaved rank0 median us 696.9241714477539
WARNING:root:Failed to load NVSHMEM libs
WARNING:root:Failed to load NVSHMEM libs
NCCL version 2.21.5+cuda12.4
WINDOW COMPLETE 11 remote_first rank0 median us 671.3138961791992
WARNING:root:Failed to load NVSHMEM libs
WARNING:root:Failed to load NVSHMEM libs
NCCL version 2.21.5+cuda12.4
WINDOW COMPLETE 12 interleaved rank0 median us 697.0880126953125
WARNING:root:Failed to load NVSHMEM libs
WARNING:root:Failed to load NVSHMEM libs
NCCL version 2.21.5+cuda12.4
WINDOW COMPLETE 13 remote_first rank0 median us 665.3952026367188
WARNING:root:Failed to load NVSHMEM libs
WARNING:root:Failed to load NVSHMEM libs
NCCL version 2.21.5+cuda12.4
WINDOW COMPLETE 14 original rank0 median us 678.732795715332
WARNING:root:Failed to load NVSHMEM libs
WARNING:root:Failed to load NVSHMEM libs
NCCL version 2.21.5+cuda12.4
WINDOW COMPLETE 15 remote_first rank0 median us 666.352653503418
WARNING:root:Failed to load NVSHMEM libs
WARNING:root:Failed to load NVSHMEM libs
NCCL version 2.21.5+cuda12.4
WINDOW COMPLETE 16 original rank0 median us 680.4582595825195
WARNING:root:Failed to load NVSHMEM libs
WARNING:root:Failed to load NVSHMEM libs
NCCL version 2.21.5+cuda12.4
WINDOW COMPLETE 17 interleaved rank0 median us 696.5401458740234
RESULT_DIR=/data/run01/scyb672/hjr/TempName/logs/a800/phase3/178435
