WARNING:root:Failed to load NVSHMEM libs
WARNING:root:Failed to load NVSHMEM libs
NCCL version 2.21.5+cuda12.4
WINDOW COMPLETE 0 original rank0 median us 681.8611145019531
WARNING:root:Failed to load NVSHMEM libs
WARNING:root:Failed to load NVSHMEM libs
NCCL version 2.21.5+cuda12.4
WINDOW COMPLETE 1 remote_first rank0 median us 668.0217361450195
WARNING:root:Failed to load NVSHMEM libs
WARNING:root:Failed to load NVSHMEM libs
NCCL version 2.21.5+cuda12.4
WINDOW COMPLETE 2 interleaved rank0 median us 696.5811538696289
WARNING:root:Failed to load NVSHMEM libs
WARNING:root:Failed to load NVSHMEM libs
NCCL version 2.21.5+cuda12.4
WINDOW COMPLETE 3 remote_first rank0 median us 671.8259048461914
WARNING:root:Failed to load NVSHMEM libs
WARNING:root:Failed to load NVSHMEM libs
NCCL version 2.21.5+cuda12.4
WINDOW COMPLETE 4 interleaved rank0 median us 696.5094375610352
WARNING:root:Failed to load NVSHMEM libs
WARNING:root:Failed to load NVSHMEM libs
NCCL version 2.21.5+cuda12.4
WINDOW COMPLETE 5 original rank0 median us 680.8576202392578
WARNING:root:Failed to load NVSHMEM libs
WARNING:root:Failed to load NVSHMEM libs
NCCL version 2.21.5+cuda12.4
WINDOW COMPLETE 6 interleaved rank0 median us 696.9446182250977
WARNING:root:Failed to load NVSHMEM libs
WARNING:root:Failed to load NVSHMEM libs
NCCL version 2.21.5+cuda12.4
WINDOW COMPLETE 7 original rank0 median us 680.8729553222656
WARNING:root:Failed to load NVSHMEM libs
WARNING:root:Failed to load NVSHMEM libs
NCCL version 2.21.5+cuda12.4
WINDOW COMPLETE 8 remote_first rank0 median us 665.1136016845703
WARNING:root:Failed to load NVSHMEM libs
WARNING:root:Failed to load NVSHMEM libs
NCCL version 2.21.5+cuda12.4
WINDOW COMPLETE 9 original rank0 median us 680.7654190063477
WARNING:root:Failed to load NVSHMEM libs
WARNING:root:Failed to load NVSHMEM libs
NCCL version 2.21.5+cuda12.4
WINDOW COMPLETE 10 interleaved rank0 median us 697.3849487304688
WARNING:root:Failed to load NVSHMEM libs
WARNING:root:Failed to load NVSHMEM libs
NCCL version 2.21.5+cuda12.4
WINDOW COMPLETE 11 remote_first rank0 median us 671.3037109375
WARNING:root:Failed to load NVSHMEM libs
WARNING:root:Failed to load NVSHMEM libs
NCCL version 2.21.5+cuda12.4
WINDOW COMPLETE 12 interleaved rank0 median us 696.9497680664062
WARNING:root:Failed to load NVSHMEM libs
WARNING:root:Failed to load NVSHMEM libs
NCCL version 2.21.5+cuda12.4
WINDOW COMPLETE 13 remote_first rank0 median us 671.8156814575195
WARNING:root:Failed to load NVSHMEM libs
WARNING:root:Failed to load NVSHMEM libs
NCCL version 2.21.5+cuda12.4
WINDOW COMPLETE 14 original rank0 median us 680.5657577514648
WARNING:root:Failed to load NVSHMEM libs
WARNING:root:Failed to load NVSHMEM libs
NCCL version 2.21.5+cuda12.4
WINDOW COMPLETE 15 remote_first rank0 median us 670.2540969848633
WARNING:root:Failed to load NVSHMEM libs
WARNING:root:Failed to load NVSHMEM libs
NCCL version 2.21.5+cuda12.4
WINDOW COMPLETE 16 original rank0 median us 678.8761520385742
WARNING:root:Failed to load NVSHMEM libs
WARNING:root:Failed to load NVSHMEM libs
NCCL version 2.21.5+cuda12.4
WINDOW COMPLETE 17 interleaved rank0 median us 697.5334548950195
RESULT_DIR=/data/run01/scyb672/hjr/TempName/logs/a800/phase3/178429
