START 4 0 original diagnostic False
START 4 1 remote_first diagnostic False
START 4 2 interleaved diagnostic False
START 4 3 original diagnostic False
START 4 4 interleaved diagnostic False
START 4 5 remote_first diagnostic False
START 4 6 remote_first diagnostic False
START 4 7 original diagnostic False
START 4 8 interleaved diagnostic False
START 4 9 remote_first diagnostic False
START 4 10 interleaved diagnostic False
START 4 11 original diagnostic False
START 4 12 interleaved diagnostic False
START 4 13 original diagnostic False
START 4 14 remote_first diagnostic False
START 4 15 interleaved diagnostic False
START 4 16 remote_first diagnostic False
START 4 17 original diagnostic False
START 4 18 original diagnostic True
START 4 19 remote_first diagnostic True
START 4 20 interleaved diagnostic True
EXTENSION COMPLETE /data/run01/scyb672/hjr/TempName/logs/a800/phase3/178475
