Using pip 25.0.1 from /data/run01/scyb672/hjr/TempName/outputs/a800/megatron-e2e/venv/lib/python3.10/site-packages/pip (python 3.10)
Processing ./outputs/a800/megatron-e2e/apex
  Preparing metadata (pyproject.toml): started
  Running command Preparing metadata (pyproject.toml)
  Traceback (most recent call last):
    File "/data/run01/scyb672/hjr/TempName/outputs/a800/megatron-e2e/venv/lib/python3.10/site-packages/pip/_vendor/pyproject_hooks/_in_process/_in_process.py", line 389, in <module>
      main()
    File "/data/run01/scyb672/hjr/TempName/outputs/a800/megatron-e2e/venv/lib/python3.10/site-packages/pip/_vendor/pyproject_hooks/_in_process/_in_process.py", line 373, in main
      json_out["return_val"] = hook(**hook_input["kwargs"])
    File "/data/run01/scyb672/hjr/TempName/outputs/a800/megatron-e2e/venv/lib/python3.10/site-packages/pip/_vendor/pyproject_hooks/_in_process/_in_process.py", line 175, in prepare_metadata_for_build_wheel
      return hook(metadata_directory, config_settings)
    File "/data/run01/scyb672/hjr/TempName/outputs/a800/megatron-e2e/venv/lib/python3.10/site-packages/setuptools/build_meta.py", line 377, in prepare_metadata_for_build_wheel
      self.run_setup()
    File "/data/run01/scyb672/hjr/TempName/outputs/a800/megatron-e2e/venv/lib/python3.10/site-packages/setuptools/build_meta.py", line 320, in run_setup
      exec(code, locals())
    File "<string>", line 11, in <module>
    File "/data/run01/scyb672/hjr/TempName/outputs/a800/megatron-e2e/shared-runtime/torch/__init__.py", line 2108, in <module>
      from torch import _VF as _VF, functional as functional  # usort: skip
    File "/data/run01/scyb672/hjr/TempName/outputs/a800/megatron-e2e/shared-runtime/torch/functional.py", line 7, in <module>
      import torch.nn.functional as F
    File "/data/run01/scyb672/hjr/TempName/outputs/a800/megatron-e2e/shared-runtime/torch/nn/__init__.py", line 8, in <module>
      from torch.nn.modules import *  # usort: skip # noqa: F403
    File "/data/run01/scyb672/hjr/TempName/outputs/a800/megatron-e2e/shared-runtime/torch/nn/modules/__init__.py", line 1, in <module>
      from .module import Module  # usort: skip
    File "/data/run01/scyb672/hjr/TempName/outputs/a800/megatron-e2e/shared-runtime/torch/nn/modules/module.py", line 29, in <module>
      from torch.utils._python_dispatch import is_traceable_wrapper_subclass
    File "/data/run01/scyb672/hjr/TempName/outputs/a800/megatron-e2e/shared-runtime/torch/utils/_python_dispatch.py", line 11, in <module>
      import torchgen
  ModuleNotFoundError: No module named 'torchgen'
  error: subprocess-exited-with-error
  
  × Preparing metadata (pyproject.toml) did not run successfully.
  │ exit code: 1
  ╰─> See above for output.
  
  note: This error originates from a subprocess, and is likely not a problem with pip.
  full command: /data/run01/scyb672/hjr/TempName/outputs/a800/megatron-e2e/venv/bin/python /data/run01/scyb672/hjr/TempName/outputs/a800/megatron-e2e/venv/lib/python3.10/site-packages/pip/_vendor/pyproject_hooks/_in_process/_in_process.py prepare_metadata_for_build_wheel /tmp/tmpqngh385s
  cwd: /data/run01/scyb672/hjr/TempName/outputs/a800/megatron-e2e/apex
  Preparing metadata (pyproject.toml): finished with status 'error'
error: metadata-generation-failed

× Encountered error while generating package metadata.
╰─> See above for output.

note: This is an issue with the package mentioned above, not pip.
hint: See above for details.
