Processing /tmp/flux-megatron-a800-ozole9eq/apex
  Preparing metadata (pyproject.toml): started
  Running command Preparing metadata (pyproject.toml)
  No CUDA runtime is found, using CUDA_HOME='/data/apps/cuda/12.4'

  Warning: Torch did not find available GPUs on this system.
   If your intention is to cross-compile, this is not an error.
  By default, Apex will cross-compile for Pascal (compute capabilities 6.0, 6.1, 6.2) (until CUDA 12.8),
  Volta (compute capability 7.0), Turing (compute capability 7.5),
  and, if the CUDA version is >= 11.0, Ampere (compute capability 8.0, 8.6), and,
  if the CUDA version is >= 12.8, Blackwell (compute capability 10.0, 12.0).
  If you wish to cross-compile for a single specific architecture,
  export TORCH_CUDA_ARCH_LIST="compute capability" before running setup.py.



  torch.__version__  = 2.6.0+cu124


  running dist_info
  creating /tmp/pip-modern-metadata-8vh13qe1/apex.egg-info
  writing /tmp/pip-modern-metadata-8vh13qe1/apex.egg-info/PKG-INFO
  writing dependency_links to /tmp/pip-modern-metadata-8vh13qe1/apex.egg-info/dependency_links.txt
  writing requirements to /tmp/pip-modern-metadata-8vh13qe1/apex.egg-info/requires.txt
  writing top-level names to /tmp/pip-modern-metadata-8vh13qe1/apex.egg-info/top_level.txt
  writing manifest file '/tmp/pip-modern-metadata-8vh13qe1/apex.egg-info/SOURCES.txt'
  reading manifest file '/tmp/pip-modern-metadata-8vh13qe1/apex.egg-info/SOURCES.txt'
  adding license file 'LICENSE'
  writing manifest file '/tmp/pip-modern-metadata-8vh13qe1/apex.egg-info/SOURCES.txt'
  creating '/tmp/pip-modern-metadata-8vh13qe1/apex-0.1.dist-info'
  Preparing metadata (pyproject.toml): finished with status 'done'
Building wheels for collected packages: apex
  Building wheel for apex (pyproject.toml): started
  Running command Building wheel for apex (pyproject.toml)
  No CUDA runtime is found, using CUDA_HOME='/data/apps/cuda/12.4'

  Warning: Torch did not find available GPUs on this system.
   If your intention is to cross-compile, this is not an error.
  By default, Apex will cross-compile for Pascal (compute capabilities 6.0, 6.1, 6.2) (until CUDA 12.8),
  Volta (compute capability 7.0), Turing (compute capability 7.5),
  and, if the CUDA version is >= 11.0, Ampere (compute capability 8.0, 8.6), and,
  if the CUDA version is >= 12.8, Blackwell (compute capability 10.0, 12.0).
  If you wish to cross-compile for a single specific architecture,
  export TORCH_CUDA_ARCH_LIST="compute capability" before running setup.py.



  torch.__version__  = 2.6.0+cu124



  Compiling cuda extensions with
  nvcc: NVIDIA (R) Cuda compiler driver
  Copyright (c) 2005-2024 NVIDIA Corporation
  Built on Tue_Feb_27_16:19:38_PST_2024
  Cuda compilation tools, release 12.4, V12.4.99
  Build cuda_12.4.r12.4/compiler.33961263_0
  from /data/apps/cuda/12.4/bin

  running bdist_wheel
  running build
  running build_py
  creating build/lib.linux-x86_64-cpython-310/apex
  copying apex/__init__.py -> build/lib.linux-x86_64-cpython-310/apex
  copying apex/_autocast_utils.py -> build/lib.linux-x86_64-cpython-310/apex
  creating build/lib.linux-x86_64-cpython-310/apex/fused_dense
  copying apex/fused_dense/__init__.py -> build/lib.linux-x86_64-cpython-310/apex/fused_dense
  copying apex/fused_dense/fused_dense.py -> build/lib.linux-x86_64-cpython-310/apex/fused_dense
  creating build/lib.linux-x86_64-cpython-310/apex/multi_tensor_apply
  copying apex/multi_tensor_apply/__init__.py -> build/lib.linux-x86_64-cpython-310/apex/multi_tensor_apply
  copying apex/multi_tensor_apply/multi_tensor_apply.py -> build/lib.linux-x86_64-cpython-310/apex/multi_tensor_apply
  creating build/lib.linux-x86_64-cpython-310/apex/fp16_utils
  copying apex/fp16_utils/loss_scaler.py -> build/lib.linux-x86_64-cpython-310/apex/fp16_utils
  copying apex/fp16_utils/__init__.py -> build/lib.linux-x86_64-cpython-310/apex/fp16_utils
  copying apex/fp16_utils/fp16_optimizer.py -> build/lib.linux-x86_64-cpython-310/apex/fp16_utils
  copying apex/fp16_utils/fp16util.py -> build/lib.linux-x86_64-cpython-310/apex/fp16_utils
  creating build/lib.linux-x86_64-cpython-310/apex/RNN
  copying apex/RNN/__init__.py -> build/lib.linux-x86_64-cpython-310/apex/RNN
  copying apex/RNN/RNNBackend.py -> build/lib.linux-x86_64-cpython-310/apex/RNN
  copying apex/RNN/models.py -> build/lib.linux-x86_64-cpython-310/apex/RNN
  copying apex/RNN/cells.py -> build/lib.linux-x86_64-cpython-310/apex/RNN
  creating build/lib.linux-x86_64-cpython-310/apex/amp
  copying apex/amp/_initialize.py -> build/lib.linux-x86_64-cpython-310/apex/amp
  copying apex/amp/__init__.py -> build/lib.linux-x86_64-cpython-310/apex/amp
  copying apex/amp/__version__.py -> build/lib.linux-x86_64-cpython-310/apex/amp
  copying apex/amp/wrap.py -> build/lib.linux-x86_64-cpython-310/apex/amp
  copying apex/amp/rnn_compat.py -> build/lib.linux-x86_64-cpython-310/apex/amp
  copying apex/amp/frontend.py -> build/lib.linux-x86_64-cpython-310/apex/amp
  copying apex/amp/_amp_state.py -> build/lib.linux-x86_64-cpython-310/apex/amp
  copying apex/amp/_process_optimizer.py -> build/lib.linux-x86_64-cpython-310/apex/amp
  copying apex/amp/compat.py -> build/lib.linux-x86_64-cpython-310/apex/amp
  copying apex/amp/scaler.py -> build/lib.linux-x86_64-cpython-310/apex/amp
  copying apex/amp/opt.py -> build/lib.linux-x86_64-cpython-310/apex/amp
  copying apex/amp/utils.py -> build/lib.linux-x86_64-cpython-310/apex/amp
  copying apex/amp/handle.py -> build/lib.linux-x86_64-cpython-310/apex/amp
  copying apex/amp/amp.py -> build/lib.linux-x86_64-cpython-310/apex/amp
  creating build/lib.linux-x86_64-cpython-310/apex/transformer
  copying apex/transformer/__init__.py -> build/lib.linux-x86_64-cpython-310/apex/transformer
  copying apex/transformer/microbatches.py -> build/lib.linux-x86_64-cpython-310/apex/transformer
  copying apex/transformer/log_util.py -> build/lib.linux-x86_64-cpython-310/apex/transformer
  copying apex/transformer/_ucc_util.py -> build/lib.linux-x86_64-cpython-310/apex/transformer
  copying apex/transformer/parallel_state.py -> build/lib.linux-x86_64-cpython-310/apex/transformer
  copying apex/transformer/utils.py -> build/lib.linux-x86_64-cpython-310/apex/transformer
  copying apex/transformer/enums.py -> build/lib.linux-x86_64-cpython-310/apex/transformer
  creating build/lib.linux-x86_64-cpython-310/apex/normalization
  copying apex/normalization/__init__.py -> build/lib.linux-x86_64-cpython-310/apex/normalization
  copying apex/normalization/fused_layer_norm.py -> build/lib.linux-x86_64-cpython-310/apex/normalization
  creating build/lib.linux-x86_64-cpython-310/apex/contrib
  copying apex/contrib/__init__.py -> build/lib.linux-x86_64-cpython-310/apex/contrib
  creating build/lib.linux-x86_64-cpython-310/apex/optimizers
  copying apex/optimizers/__init__.py -> build/lib.linux-x86_64-cpython-310/apex/optimizers
  copying apex/optimizers/fused_adagrad.py -> build/lib.linux-x86_64-cpython-310/apex/optimizers
  copying apex/optimizers/fused_adam.py -> build/lib.linux-x86_64-cpython-310/apex/optimizers
  copying apex/optimizers/fused_mixed_precision_lamb.py -> build/lib.linux-x86_64-cpython-310/apex/optimizers
  copying apex/optimizers/fused_novograd.py -> build/lib.linux-x86_64-cpython-310/apex/optimizers
  copying apex/optimizers/fused_sgd.py -> build/lib.linux-x86_64-cpython-310/apex/optimizers
  copying apex/optimizers/fused_lamb.py -> build/lib.linux-x86_64-cpython-310/apex/optimizers
  creating build/lib.linux-x86_64-cpython-310/apex/parallel
  copying apex/parallel/optimized_sync_batchnorm.py -> build/lib.linux-x86_64-cpython-310/apex/parallel
  copying apex/parallel/__init__.py -> build/lib.linux-x86_64-cpython-310/apex/parallel
  copying apex/parallel/sync_batchnorm_kernel.py -> build/lib.linux-x86_64-cpython-310/apex/parallel
  copying apex/parallel/LARC.py -> build/lib.linux-x86_64-cpython-310/apex/parallel
  copying apex/parallel/distributed.py -> build/lib.linux-x86_64-cpython-310/apex/parallel
  copying apex/parallel/multiproc.py -> build/lib.linux-x86_64-cpython-310/apex/parallel
  copying apex/parallel/optimized_sync_batchnorm_kernel.py -> build/lib.linux-x86_64-cpython-310/apex/parallel
  copying apex/parallel/sync_batchnorm.py -> build/lib.linux-x86_64-cpython-310/apex/parallel
  creating build/lib.linux-x86_64-cpython-310/apex/mlp
  copying apex/mlp/__init__.py -> build/lib.linux-x86_64-cpython-310/apex/mlp
  copying apex/mlp/mlp.py -> build/lib.linux-x86_64-cpython-310/apex/mlp
  creating build/lib.linux-x86_64-cpython-310/apex/amp/lists
  copying apex/amp/lists/__init__.py -> build/lib.linux-x86_64-cpython-310/apex/amp/lists
  copying apex/amp/lists/torch_overrides.py -> build/lib.linux-x86_64-cpython-310/apex/amp/lists
  copying apex/amp/lists/functional_overrides.py -> build/lib.linux-x86_64-cpython-310/apex/amp/lists
  copying apex/amp/lists/tensor_overrides.py -> build/lib.linux-x86_64-cpython-310/apex/amp/lists
  creating build/lib.linux-x86_64-cpython-310/apex/transformer/amp
  copying apex/transformer/amp/__init__.py -> build/lib.linux-x86_64-cpython-310/apex/transformer/amp
  copying apex/transformer/amp/grad_scaler.py -> build/lib.linux-x86_64-cpython-310/apex/transformer/amp
  creating build/lib.linux-x86_64-cpython-310/apex/transformer/tensor_parallel
  copying apex/transformer/tensor_parallel/__init__.py -> build/lib.linux-x86_64-cpython-310/apex/transformer/tensor_parallel
  copying apex/transformer/tensor_parallel/mappings.py -> build/lib.linux-x86_64-cpython-310/apex/transformer/tensor_parallel
  copying apex/transformer/tensor_parallel/random.py -> build/lib.linux-x86_64-cpython-310/apex/transformer/tensor_parallel
  copying apex/transformer/tensor_parallel/data.py -> build/lib.linux-x86_64-cpython-310/apex/transformer/tensor_parallel
  copying apex/transformer/tensor_parallel/memory.py -> build/lib.linux-x86_64-cpython-310/apex/transformer/tensor_parallel
  copying apex/transformer/tensor_parallel/cross_entropy.py -> build/lib.linux-x86_64-cpython-310/apex/transformer/tensor_parallel
  copying apex/transformer/tensor_parallel/layers.py -> build/lib.linux-x86_64-cpython-310/apex/transformer/tensor_parallel
  copying apex/transformer/tensor_parallel/utils.py -> build/lib.linux-x86_64-cpython-310/apex/transformer/tensor_parallel
  creating build/lib.linux-x86_64-cpython-310/apex/transformer/testing
  copying apex/transformer/testing/__init__.py -> build/lib.linux-x86_64-cpython-310/apex/transformer/testing
  copying apex/transformer/testing/commons.py -> build/lib.linux-x86_64-cpython-310/apex/transformer/testing
  copying apex/transformer/testing/distributed_test_base.py -> build/lib.linux-x86_64-cpython-310/apex/transformer/testing
  copying apex/transformer/testing/global_vars.py -> build/lib.linux-x86_64-cpython-310/apex/transformer/testing
  copying apex/transformer/testing/standalone_transformer_lm.py -> build/lib.linux-x86_64-cpython-310/apex/transformer/testing
  copying apex/transformer/testing/standalone_bert.py -> build/lib.linux-x86_64-cpython-310/apex/transformer/testing
  copying apex/transformer/testing/standalone_gpt.py -> build/lib.linux-x86_64-cpython-310/apex/transformer/testing
  copying apex/transformer/testing/arguments.py -> build/lib.linux-x86_64-cpython-310/apex/transformer/testing
  creating build/lib.linux-x86_64-cpython-310/apex/transformer/pipeline_parallel
  copying apex/transformer/pipeline_parallel/__init__.py -> build/lib.linux-x86_64-cpython-310/apex/transformer/pipeline_parallel
  copying apex/transformer/pipeline_parallel/p2p_communication.py -> build/lib.linux-x86_64-cpython-310/apex/transformer/pipeline_parallel
  copying apex/transformer/pipeline_parallel/_timers.py -> build/lib.linux-x86_64-cpython-310/apex/transformer/pipeline_parallel
  copying apex/transformer/pipeline_parallel/utils.py -> build/lib.linux-x86_64-cpython-310/apex/transformer/pipeline_parallel
  creating build/lib.linux-x86_64-cpython-310/apex/transformer/_data
  copying apex/transformer/_data/__init__.py -> build/lib.linux-x86_64-cpython-310/apex/transformer/_data
  copying apex/transformer/_data/_batchsampler.py -> build/lib.linux-x86_64-cpython-310/apex/transformer/_data
  creating build/lib.linux-x86_64-cpython-310/apex/transformer/layers
  copying apex/transformer/layers/__init__.py -> build/lib.linux-x86_64-cpython-310/apex/transformer/layers
  copying apex/transformer/layers/layer_norm.py -> build/lib.linux-x86_64-cpython-310/apex/transformer/layers
  creating build/lib.linux-x86_64-cpython-310/apex/transformer/functional
  copying apex/transformer/functional/__init__.py -> build/lib.linux-x86_64-cpython-310/apex/transformer/functional
  copying apex/transformer/functional/fused_softmax.py -> build/lib.linux-x86_64-cpython-310/apex/transformer/functional
  copying apex/transformer/functional/fused_rope.py -> build/lib.linux-x86_64-cpython-310/apex/transformer/functional
  creating build/lib.linux-x86_64-cpython-310/apex/transformer/pipeline_parallel/schedules
  copying apex/transformer/pipeline_parallel/schedules/__init__.py -> build/lib.linux-x86_64-cpython-310/apex/transformer/pipeline_parallel/schedules
  copying apex/transformer/pipeline_parallel/schedules/fwd_bwd_pipelining_without_interleaving.py -> build/lib.linux-x86_64-cpython-310/apex/transformer/pipeline_parallel/schedules
  copying apex/transformer/pipeline_parallel/schedules/fwd_bwd_pipelining_with_interleaving.py -> build/lib.linux-x86_64-cpython-310/apex/transformer/pipeline_parallel/schedules
  copying apex/transformer/pipeline_parallel/schedules/fwd_bwd_no_pipelining.py -> build/lib.linux-x86_64-cpython-310/apex/transformer/pipeline_parallel/schedules
  copying apex/transformer/pipeline_parallel/schedules/common.py -> build/lib.linux-x86_64-cpython-310/apex/transformer/pipeline_parallel/schedules
  creating build/lib.linux-x86_64-cpython-310/apex/contrib/conv_bias_relu
  copying apex/contrib/conv_bias_relu/__init__.py -> build/lib.linux-x86_64-cpython-310/apex/contrib/conv_bias_relu
  copying apex/contrib/conv_bias_relu/conv_bias_relu.py -> build/lib.linux-x86_64-cpython-310/apex/contrib/conv_bias_relu
  creating build/lib.linux-x86_64-cpython-310/apex/contrib/sparsity
  copying apex/contrib/sparsity/__init__.py -> build/lib.linux-x86_64-cpython-310/apex/contrib/sparsity
  copying apex/contrib/sparsity/permutation_lib.py -> build/lib.linux-x86_64-cpython-310/apex/contrib/sparsity
  copying apex/contrib/sparsity/asp.py -> build/lib.linux-x86_64-cpython-310/apex/contrib/sparsity
  copying apex/contrib/sparsity/sparse_masklib.py -> build/lib.linux-x86_64-cpython-310/apex/contrib/sparsity
  creating build/lib.linux-x86_64-cpython-310/apex/contrib/fmha
  copying apex/contrib/fmha/__init__.py -> build/lib.linux-x86_64-cpython-310/apex/contrib/fmha
  copying apex/contrib/fmha/fmha.py -> build/lib.linux-x86_64-cpython-310/apex/contrib/fmha
  creating build/lib.linux-x86_64-cpython-310/apex/contrib/bottleneck
  copying apex/contrib/bottleneck/__init__.py -> build/lib.linux-x86_64-cpython-310/apex/contrib/bottleneck
  copying apex/contrib/bottleneck/halo_exchangers.py -> build/lib.linux-x86_64-cpython-310/apex/contrib/bottleneck
  copying apex/contrib/bottleneck/test.py -> build/lib.linux-x86_64-cpython-310/apex/contrib/bottleneck
  copying apex/contrib/bottleneck/bottleneck.py -> build/lib.linux-x86_64-cpython-310/apex/contrib/bottleneck
  creating build/lib.linux-x86_64-cpython-310/apex/contrib/clip_grad
  copying apex/contrib/clip_grad/__init__.py -> build/lib.linux-x86_64-cpython-310/apex/contrib/clip_grad
  copying apex/contrib/clip_grad/clip_grad.py -> build/lib.linux-x86_64-cpython-310/apex/contrib/clip_grad
  creating build/lib.linux-x86_64-cpython-310/apex/contrib/openfold_triton
  copying apex/contrib/openfold_triton/__init__.py -> build/lib.linux-x86_64-cpython-310/apex/contrib/openfold_triton
  copying apex/contrib/openfold_triton/_layer_norm_config_ampere.py -> build/lib.linux-x86_64-cpython-310/apex/contrib/openfold_triton
  copying apex/contrib/openfold_triton/_mha_kernel.py -> build/lib.linux-x86_64-cpython-310/apex/contrib/openfold_triton
  copying apex/contrib/openfold_triton/mha.py -> build/lib.linux-x86_64-cpython-310/apex/contrib/openfold_triton
  copying apex/contrib/openfold_triton/_layer_norm_forward_kernels.py -> build/lib.linux-x86_64-cpython-310/apex/contrib/openfold_triton
  copying apex/contrib/openfold_triton/_layer_norm_backward_kernels.py -> build/lib.linux-x86_64-cpython-310/apex/contrib/openfold_triton
  copying apex/contrib/openfold_triton/_layer_norm_config_hopper.py -> build/lib.linux-x86_64-cpython-310/apex/contrib/openfold_triton
  copying apex/contrib/openfold_triton/fused_adam_swa.py -> build/lib.linux-x86_64-cpython-310/apex/contrib/openfold_triton
  copying apex/contrib/openfold_triton/layer_norm.py -> build/lib.linux-x86_64-cpython-310/apex/contrib/openfold_triton
  creating build/lib.linux-x86_64-cpython-310/apex/contrib/multihead_attn
  copying apex/contrib/multihead_attn/mask_softmax_dropout_func.py -> build/lib.linux-x86_64-cpython-310/apex/contrib/multihead_attn
  copying apex/contrib/multihead_attn/__init__.py -> build/lib.linux-x86_64-cpython-310/apex/contrib/multihead_attn
  copying apex/contrib/multihead_attn/self_multihead_attn.py -> build/lib.linux-x86_64-cpython-310/apex/contrib/multihead_attn
  copying apex/contrib/multihead_attn/fast_self_multihead_attn_norm_add_func.py -> build/lib.linux-x86_64-cpython-310/apex/contrib/multihead_attn
  copying apex/contrib/multihead_attn/self_multihead_attn_func.py -> build/lib.linux-x86_64-cpython-310/apex/contrib/multihead_attn
  copying apex/contrib/multihead_attn/fast_encdec_multihead_attn_norm_add_func.py -> build/lib.linux-x86_64-cpython-310/apex/contrib/multihead_attn
  copying apex/contrib/multihead_attn/encdec_multihead_attn_func.py -> build/lib.linux-x86_64-cpython-310/apex/contrib/multihead_attn
  copying apex/contrib/multihead_attn/fast_encdec_multihead_attn_func.py -> build/lib.linux-x86_64-cpython-310/apex/contrib/multihead_attn
  copying apex/contrib/multihead_attn/fast_self_multihead_attn_func.py -> build/lib.linux-x86_64-cpython-310/apex/contrib/multihead_attn
  copying apex/contrib/multihead_attn/encdec_multihead_attn.py -> build/lib.linux-x86_64-cpython-310/apex/contrib/multihead_attn
  creating build/lib.linux-x86_64-cpython-310/apex/contrib/groupbn
  copying apex/contrib/groupbn/__init__.py -> build/lib.linux-x86_64-cpython-310/apex/contrib/groupbn
  copying apex/contrib/groupbn/batch_norm.py -> build/lib.linux-x86_64-cpython-310/apex/contrib/groupbn
  creating build/lib.linux-x86_64-cpython-310/apex/contrib/group_norm
  copying apex/contrib/group_norm/__init__.py -> build/lib.linux-x86_64-cpython-310/apex/contrib/group_norm
  copying apex/contrib/group_norm/group_norm.py -> build/lib.linux-x86_64-cpython-310/apex/contrib/group_norm
  creating build/lib.linux-x86_64-cpython-310/apex/contrib/torchsched
  copying apex/contrib/torchsched/__init__.py -> build/lib.linux-x86_64-cpython-310/apex/contrib/torchsched
  copying apex/contrib/torchsched/config.py -> build/lib.linux-x86_64-cpython-310/apex/contrib/torchsched
  copying apex/contrib/torchsched/backend.py -> build/lib.linux-x86_64-cpython-310/apex/contrib/torchsched
  creating build/lib.linux-x86_64-cpython-310/apex/contrib/layer_norm
  copying apex/contrib/layer_norm/__init__.py -> build/lib.linux-x86_64-cpython-310/apex/contrib/layer_norm
  copying apex/contrib/layer_norm/layer_norm.py -> build/lib.linux-x86_64-cpython-310/apex/contrib/layer_norm
  creating build/lib.linux-x86_64-cpython-310/apex/contrib/peer_memory
  copying apex/contrib/peer_memory/__init__.py -> build/lib.linux-x86_64-cpython-310/apex/contrib/peer_memory
  copying apex/contrib/peer_memory/peer_halo_exchanger_1d.py -> build/lib.linux-x86_64-cpython-310/apex/contrib/peer_memory
  copying apex/contrib/peer_memory/peer_memory.py -> build/lib.linux-x86_64-cpython-310/apex/contrib/peer_memory
  creating build/lib.linux-x86_64-cpython-310/apex/contrib/index_mul_2d
  copying apex/contrib/index_mul_2d/__init__.py -> build/lib.linux-x86_64-cpython-310/apex/contrib/index_mul_2d
  copying apex/contrib/index_mul_2d/index_mul_2d.py -> build/lib.linux-x86_64-cpython-310/apex/contrib/index_mul_2d
  creating build/lib.linux-x86_64-cpython-310/apex/contrib/nccl_allocator
  copying apex/contrib/nccl_allocator/__init__.py -> build/lib.linux-x86_64-cpython-310/apex/contrib/nccl_allocator
  copying apex/contrib/nccl_allocator/nccl_allocator.py -> build/lib.linux-x86_64-cpython-310/apex/contrib/nccl_allocator
  creating build/lib.linux-x86_64-cpython-310/apex/contrib/gpu_direct_storage
  copying apex/contrib/gpu_direct_storage/__init__.py -> build/lib.linux-x86_64-cpython-310/apex/contrib/gpu_direct_storage
  creating build/lib.linux-x86_64-cpython-310/apex/contrib/optimizers
  copying apex/contrib/optimizers/__init__.py -> build/lib.linux-x86_64-cpython-310/apex/contrib/optimizers
  copying apex/contrib/optimizers/fused_adam.py -> build/lib.linux-x86_64-cpython-310/apex/contrib/optimizers
  copying apex/contrib/optimizers/fp16_optimizer.py -> build/lib.linux-x86_64-cpython-310/apex/contrib/optimizers
  copying apex/contrib/optimizers/distributed_fused_adam.py -> build/lib.linux-x86_64-cpython-310/apex/contrib/optimizers
  copying apex/contrib/optimizers/fused_sgd.py -> build/lib.linux-x86_64-cpython-310/apex/contrib/optimizers
  copying apex/contrib/optimizers/fused_lamb.py -> build/lib.linux-x86_64-cpython-310/apex/contrib/optimizers
  copying apex/contrib/optimizers/distributed_fused_lamb.py -> build/lib.linux-x86_64-cpython-310/apex/contrib/optimizers
  creating build/lib.linux-x86_64-cpython-310/apex/contrib/xentropy
  copying apex/contrib/xentropy/__init__.py -> build/lib.linux-x86_64-cpython-310/apex/contrib/xentropy
  copying apex/contrib/xentropy/softmax_xentropy.py -> build/lib.linux-x86_64-cpython-310/apex/contrib/xentropy
  creating build/lib.linux-x86_64-cpython-310/apex/contrib/focal_loss
  copying apex/contrib/focal_loss/__init__.py -> build/lib.linux-x86_64-cpython-310/apex/contrib/focal_loss
  copying apex/contrib/focal_loss/focal_loss.py -> build/lib.linux-x86_64-cpython-310/apex/contrib/focal_loss
  creating build/lib.linux-x86_64-cpython-310/apex/contrib/test
  copying apex/contrib/test/__init__.py -> build/lib.linux-x86_64-cpython-310/apex/contrib/test
  creating build/lib.linux-x86_64-cpython-310/apex/contrib/transducer
  copying apex/contrib/transducer/__init__.py -> build/lib.linux-x86_64-cpython-310/apex/contrib/transducer
  copying apex/contrib/transducer/_transducer_ref.py -> build/lib.linux-x86_64-cpython-310/apex/contrib/transducer
  copying apex/contrib/transducer/transducer.py -> build/lib.linux-x86_64-cpython-310/apex/contrib/transducer
  creating build/lib.linux-x86_64-cpython-310/apex/contrib/cudnn_gbn
  copying apex/contrib/cudnn_gbn/__init__.py -> build/lib.linux-x86_64-cpython-310/apex/contrib/cudnn_gbn
  copying apex/contrib/cudnn_gbn/batch_norm.py -> build/lib.linux-x86_64-cpython-310/apex/contrib/cudnn_gbn
  creating build/lib.linux-x86_64-cpython-310/apex/contrib/sparsity/permutation_search_kernels
  copying apex/contrib/sparsity/permutation_search_kernels/__init__.py -> build/lib.linux-x86_64-cpython-310/apex/contrib/sparsity/permutation_search_kernels
  copying apex/contrib/sparsity/permutation_search_kernels/exhaustive_search.py -> build/lib.linux-x86_64-cpython-310/apex/contrib/sparsity/permutation_search_kernels
  copying apex/contrib/sparsity/permutation_search_kernels/channel_swap.py -> build/lib.linux-x86_64-cpython-310/apex/contrib/sparsity/permutation_search_kernels
  copying apex/contrib/sparsity/permutation_search_kernels/permutation_utilities.py -> build/lib.linux-x86_64-cpython-310/apex/contrib/sparsity/permutation_search_kernels
  copying apex/contrib/sparsity/permutation_search_kernels/call_permutation_search_kernels.py -> build/lib.linux-x86_64-cpython-310/apex/contrib/sparsity/permutation_search_kernels
  creating build/lib.linux-x86_64-cpython-310/apex/contrib/torchsched/inductor
  copying apex/contrib/torchsched/inductor/__init__.py -> build/lib.linux-x86_64-cpython-310/apex/contrib/torchsched/inductor
  copying apex/contrib/torchsched/inductor/graph.py -> build/lib.linux-x86_64-cpython-310/apex/contrib/torchsched/inductor
  copying apex/contrib/torchsched/inductor/scheduler.py -> build/lib.linux-x86_64-cpython-310/apex/contrib/torchsched/inductor
  copying apex/contrib/torchsched/inductor/event.py -> build/lib.linux-x86_64-cpython-310/apex/contrib/torchsched/inductor
  copying apex/contrib/torchsched/inductor/wrapper.py -> build/lib.linux-x86_64-cpython-310/apex/contrib/torchsched/inductor
  copying apex/contrib/torchsched/inductor/_utils.py -> build/lib.linux-x86_64-cpython-310/apex/contrib/torchsched/inductor
  creating build/lib.linux-x86_64-cpython-310/apex/contrib/torchsched/ops
  copying apex/contrib/torchsched/ops/__init__.py -> build/lib.linux-x86_64-cpython-310/apex/contrib/torchsched/ops
  copying apex/contrib/torchsched/ops/layer_norm.py -> build/lib.linux-x86_64-cpython-310/apex/contrib/torchsched/ops
  creating build/lib.linux-x86_64-cpython-310/apex/contrib/torchsched/passes
  copying apex/contrib/torchsched/passes/pre_grad_passes.py -> build/lib.linux-x86_64-cpython-310/apex/contrib/torchsched/passes
  copying apex/contrib/torchsched/passes/__init__.py -> build/lib.linux-x86_64-cpython-310/apex/contrib/torchsched/passes
  creating build/lib.linux-x86_64-cpython-310/apex/contrib/test/conv_bias_relu
  copying apex/contrib/test/conv_bias_relu/__init__.py -> build/lib.linux-x86_64-cpython-310/apex/contrib/test/conv_bias_relu
  copying apex/contrib/test/conv_bias_relu/test_conv_bias_relu.py -> build/lib.linux-x86_64-cpython-310/apex/contrib/test/conv_bias_relu
  creating build/lib.linux-x86_64-cpython-310/apex/contrib/test/fmha
  copying apex/contrib/test/fmha/__init__.py -> build/lib.linux-x86_64-cpython-310/apex/contrib/test/fmha
  copying apex/contrib/test/fmha/test_fmha.py -> build/lib.linux-x86_64-cpython-310/apex/contrib/test/fmha
  creating build/lib.linux-x86_64-cpython-310/apex/contrib/test/bottleneck
  copying apex/contrib/test/bottleneck/__init__.py -> build/lib.linux-x86_64-cpython-310/apex/contrib/test/bottleneck
  copying apex/contrib/test/bottleneck/test_bottleneck_module.py -> build/lib.linux-x86_64-cpython-310/apex/contrib/test/bottleneck
  creating build/lib.linux-x86_64-cpython-310/apex/contrib/test/clip_grad
  copying apex/contrib/test/clip_grad/__init__.py -> build/lib.linux-x86_64-cpython-310/apex/contrib/test/clip_grad
  copying apex/contrib/test/clip_grad/test_clip_grad.py -> build/lib.linux-x86_64-cpython-310/apex/contrib/test/clip_grad
  creating build/lib.linux-x86_64-cpython-310/apex/contrib/test/multihead_attn
  copying apex/contrib/test/multihead_attn/test_encdec_multihead_attn_norm_add.py -> build/lib.linux-x86_64-cpython-310/apex/contrib/test/multihead_attn
  copying apex/contrib/test/multihead_attn/__init__.py -> build/lib.linux-x86_64-cpython-310/apex/contrib/test/multihead_attn
  copying apex/contrib/test/multihead_attn/test_fast_self_multihead_attn_bias.py -> build/lib.linux-x86_64-cpython-310/apex/contrib/test/multihead_attn
  copying apex/contrib/test/multihead_attn/test_self_multihead_attn_norm_add.py -> build/lib.linux-x86_64-cpython-310/apex/contrib/test/multihead_attn
  copying apex/contrib/test/multihead_attn/test_mha_fused_softmax.py -> build/lib.linux-x86_64-cpython-310/apex/contrib/test/multihead_attn
  copying apex/contrib/test/multihead_attn/test_encdec_multihead_attn.py -> build/lib.linux-x86_64-cpython-310/apex/contrib/test/multihead_attn
  copying apex/contrib/test/multihead_attn/test_self_multihead_attn.py -> build/lib.linux-x86_64-cpython-310/apex/contrib/test/multihead_attn
  creating build/lib.linux-x86_64-cpython-310/apex/contrib/test/group_norm
  copying apex/contrib/test/group_norm/__init__.py -> build/lib.linux-x86_64-cpython-310/apex/contrib/test/group_norm
  copying apex/contrib/test/group_norm/test_group_norm.py -> build/lib.linux-x86_64-cpython-310/apex/contrib/test/group_norm
  creating build/lib.linux-x86_64-cpython-310/apex/contrib/test/layer_norm
  copying apex/contrib/test/layer_norm/__init__.py -> build/lib.linux-x86_64-cpython-310/apex/contrib/test/layer_norm
  copying apex/contrib/test/layer_norm/test_fast_layer_norm.py -> build/lib.linux-x86_64-cpython-310/apex/contrib/test/layer_norm
  creating build/lib.linux-x86_64-cpython-310/apex/contrib/test/peer_memory
  copying apex/contrib/test/peer_memory/__init__.py -> build/lib.linux-x86_64-cpython-310/apex/contrib/test/peer_memory
  copying apex/contrib/test/peer_memory/test_peer_halo_exchange_module.py -> build/lib.linux-x86_64-cpython-310/apex/contrib/test/peer_memory
  creating build/lib.linux-x86_64-cpython-310/apex/contrib/test/index_mul_2d
  copying apex/contrib/test/index_mul_2d/__init__.py -> build/lib.linux-x86_64-cpython-310/apex/contrib/test/index_mul_2d
  copying apex/contrib/test/index_mul_2d/test_index_mul_2d.py -> build/lib.linux-x86_64-cpython-310/apex/contrib/test/index_mul_2d
  creating build/lib.linux-x86_64-cpython-310/apex/contrib/test/optimizers
  copying apex/contrib/test/optimizers/__init__.py -> build/lib.linux-x86_64-cpython-310/apex/contrib/test/optimizers
  copying apex/contrib/test/optimizers/test_dist_adam.py -> build/lib.linux-x86_64-cpython-310/apex/contrib/test/optimizers
  copying apex/contrib/test/optimizers/test_distributed_fused_lamb.py -> build/lib.linux-x86_64-cpython-310/apex/contrib/test/optimizers
  creating build/lib.linux-x86_64-cpython-310/apex/contrib/test/xentropy
  copying apex/contrib/test/xentropy/__init__.py -> build/lib.linux-x86_64-cpython-310/apex/contrib/test/xentropy
  copying apex/contrib/test/xentropy/test_label_smoothing.py -> build/lib.linux-x86_64-cpython-310/apex/contrib/test/xentropy
  creating build/lib.linux-x86_64-cpython-310/apex/contrib/test/focal_loss
  copying apex/contrib/test/focal_loss/__init__.py -> build/lib.linux-x86_64-cpython-310/apex/contrib/test/focal_loss
  copying apex/contrib/test/focal_loss/test_focal_loss.py -> build/lib.linux-x86_64-cpython-310/apex/contrib/test/focal_loss
  creating build/lib.linux-x86_64-cpython-310/apex/contrib/test/transducer
  copying apex/contrib/test/transducer/__init__.py -> build/lib.linux-x86_64-cpython-310/apex/contrib/test/transducer
  copying apex/contrib/test/transducer/test_transducer_joint.py -> build/lib.linux-x86_64-cpython-310/apex/contrib/test/transducer
  copying apex/contrib/test/transducer/test_transducer_loss.py -> build/lib.linux-x86_64-cpython-310/apex/contrib/test/transducer
  creating build/lib.linux-x86_64-cpython-310/apex/contrib/test/cudnn_gbn
  copying apex/contrib/test/cudnn_gbn/__init__.py -> build/lib.linux-x86_64-cpython-310/apex/contrib/test/cudnn_gbn
  copying apex/contrib/test/cudnn_gbn/test_cudnn_gbn_with_two_gpus.py -> build/lib.linux-x86_64-cpython-310/apex/contrib/test/cudnn_gbn
  running build_ext
  /data/home/scyb672/run/conda_envs/flux-megatron-a800/lib/python3.10/site-packages/torch/utils/cpp_extension.py:458: UserWarning: There are no /usr/bin/g++ version bounds defined for CUDA version 12.4
    warnings.warn(f'There are no {compiler_name} version bounds defined for CUDA version {cuda_str_version}')
  building 'apex_C' extension
  creating /tmp/flux-megatron-a800-ozole9eq/apex/build/temp.linux-x86_64-cpython-310/apex_C/csrc
  Emitting ninja build file /tmp/flux-megatron-a800-ozole9eq/apex/build/temp.linux-x86_64-cpython-310/apex_C/build.ninja...
  Compiling objects...
  Using envvar MAX_JOBS (2) as the number of workers...
  [1/1] /usr/bin/g++ -MMD -MF /tmp/flux-megatron-a800-ozole9eq/apex/build/temp.linux-x86_64-cpython-310/apex_C/csrc/flatten_unflatten.o.d -Wno-unused-result -Wsign-compare -DNDEBUG -fwrapv -O2 -Wall -fPIC -fno-merge-constants -O2 -isystem /data/home/scyb672/run/conda_envs/flux-megatron-a800/include -fPIC -fno-merge-constants -O2 -isystem /data/home/scyb672/run/conda_envs/flux-megatron-a800/include -I/data/home/scyb672/WRF_deps/include -fPIC -I/data/home/scyb672/run/conda_envs/flux-megatron-a800/lib/python3.10/site-packages/torch/include -I/data/home/scyb672/run/conda_envs/flux-megatron-a800/lib/python3.10/site-packages/torch/include/torch/csrc/api/include -I/data/home/scyb672/run/conda_envs/flux-megatron-a800/lib/python3.10/site-packages/torch/include/TH -I/data/home/scyb672/run/conda_envs/flux-megatron-a800/lib/python3.10/site-packages/torch/include/THC -I/data/home/scyb672/run/conda_envs/flux-megatron-a800/include/python3.10 -c -c /tmp/flux-megatron-a800-ozole9eq/apex/csrc/flatten_unflatten.cpp -o /tmp/flux-megatron-a800-ozole9eq/apex/build/temp.linux-x86_64-cpython-310/apex_C/csrc/flatten_unflatten.o -DTORCH_API_INCLUDE_EXTENSION_H '-DPYBIND11_COMPILER_TYPE="_gcc"' '-DPYBIND11_STDLIB="_libstdcpp"' '-DPYBIND11_BUILD_ABI="_cxxabi1011"' -DTORCH_EXTENSION_NAME=apex_C -D_GLIBCXX_USE_CXX11_ABI=0 -std=c++17
  /usr/bin/g++ -fPIC -I/data/home/scyb672/WRF_deps/include -pthread -B /data/home/scyb672/run/conda_envs/flux-megatron-a800/compiler_compat -shared -L/data/home/scyb672/WRF_deps/lib -fPIC -I/data/home/scyb672/WRF_deps/include /tmp/flux-megatron-a800-ozole9eq/apex/build/temp.linux-x86_64-cpython-310/apex_C/csrc/flatten_unflatten.o -L/data/home/scyb672/run/conda_envs/flux-megatron-a800/lib/python3.10/site-packages/torch/lib -lc10 -ltorch -ltorch_cpu -ltorch_python -o build/lib.linux-x86_64-cpython-310/apex_C.cpython-310-x86_64-linux-gnu.so
  building 'amp_C' extension
  creating /tmp/flux-megatron-a800-ozole9eq/apex/build/temp.linux-x86_64-cpython-310/amp_C/csrc
  Emitting ninja build file /tmp/flux-megatron-a800-ozole9eq/apex/build/temp.linux-x86_64-cpython-310/amp_C/build.ninja...
  Compiling objects...
  Using envvar MAX_JOBS (2) as the number of workers...
  [1/15] /usr/bin/g++ -MMD -MF /tmp/flux-megatron-a800-ozole9eq/apex/build/temp.linux-x86_64-cpython-310/amp_C/csrc/amp_C_frontend.o.d -Wno-unused-result -Wsign-compare -DNDEBUG -fwrapv -O2 -Wall -fPIC -fno-merge-constants -O2 -isystem /data/home/scyb672/run/conda_envs/flux-megatron-a800/include -fPIC -fno-merge-constants -O2 -isystem /data/home/scyb672/run/conda_envs/flux-megatron-a800/include -I/data/home/scyb672/WRF_deps/include -fPIC -I/data/home/scyb672/run/conda_envs/flux-megatron-a800/lib/python3.10/site-packages/torch/include -I/data/home/scyb672/run/conda_envs/flux-megatron-a800/lib/python3.10/site-packages/torch/include/torch/csrc/api/include -I/data/home/scyb672/run/conda_envs/flux-megatron-a800/lib/python3.10/site-packages/torch/include/TH -I/data/home/scyb672/run/conda_envs/flux-megatron-a800/lib/python3.10/site-packages/torch/include/THC -I/data/apps/cuda/12.4/include -I/data/home/scyb672/run/conda_envs/flux-megatron-a800/include/python3.10 -c -c /tmp/flux-megatron-a800-ozole9eq/apex/csrc/amp_C_frontend.cpp -o /tmp/flux-megatron-a800-ozole9eq/apex/build/temp.linux-x86_64-cpython-310/amp_C/csrc/amp_C_frontend.o -O3 -DVERSION_GE_1_1 -DVERSION_GE_1_3 -DVERSION_GE_1_5 -DTORCH_API_INCLUDE_EXTENSION_H '-DPYBIND11_COMPILER_TYPE="_gcc"' '-DPYBIND11_STDLIB="_libstdcpp"' '-DPYBIND11_BUILD_ABI="_cxxabi1011"' -DTORCH_EXTENSION_NAME=amp_C -D_GLIBCXX_USE_CXX11_ABI=0 -std=c++17
  [2/15] /data/apps/cuda/12.4/bin/nvcc --generate-dependencies-with-compile --dependency-output /tmp/flux-megatron-a800-ozole9eq/apex/build/temp.linux-x86_64-cpython-310/amp_C/csrc/multi_tensor_adagrad.o.d -I/data/home/scyb672/run/conda_envs/flux-megatron-a800/lib/python3.10/site-packages/torch/include -I/data/home/scyb672/run/conda_envs/flux-megatron-a800/lib/python3.10/site-packages/torch/include/torch/csrc/api/include -I/data/home/scyb672/run/conda_envs/flux-megatron-a800/lib/python3.10/site-packages/torch/include/TH -I/data/home/scyb672/run/conda_envs/flux-megatron-a800/lib/python3.10/site-packages/torch/include/THC -I/data/apps/cuda/12.4/include -I/data/home/scyb672/run/conda_envs/flux-megatron-a800/include/python3.10 -c -c /tmp/flux-megatron-a800-ozole9eq/apex/csrc/multi_tensor_adagrad.cu -o /tmp/flux-megatron-a800-ozole9eq/apex/build/temp.linux-x86_64-cpython-310/amp_C/csrc/multi_tensor_adagrad.o -D__CUDA_NO_HALF_OPERATORS__ -D__CUDA_NO_HALF_CONVERSIONS__ -D__CUDA_NO_BFLOAT16_CONVERSIONS__ -D__CUDA_NO_HALF2_OPERATORS__ --expt-relaxed-constexpr --compiler-options ''"'"'-fPIC'"'"'' -lineinfo -O3 --use_fast_math -DVERSION_GE_1_1 -DVERSION_GE_1_3 -DVERSION_GE_1_5 -DTORCH_API_INCLUDE_EXTENSION_H '-DPYBIND11_COMPILER_TYPE="_gcc"' '-DPYBIND11_STDLIB="_libstdcpp"' '-DPYBIND11_BUILD_ABI="_cxxabi1011"' -DTORCH_EXTENSION_NAME=amp_C -D_GLIBCXX_USE_CXX11_ABI=0 -gencode=arch=compute_80,code=sm_80 -ccbin /usr/bin/gcc -std=c++17
  [3/15] /data/apps/cuda/12.4/bin/nvcc --generate-dependencies-with-compile --dependency-output /tmp/flux-megatron-a800-ozole9eq/apex/build/temp.linux-x86_64-cpython-310/amp_C/csrc/multi_tensor_adam.o.d -I/data/home/scyb672/run/conda_envs/flux-megatron-a800/lib/python3.10/site-packages/torch/include -I/data/home/scyb672/run/conda_envs/flux-megatron-a800/lib/python3.10/site-packages/torch/include/torch/csrc/api/include -I/data/home/scyb672/run/conda_envs/flux-megatron-a800/lib/python3.10/site-packages/torch/include/TH -I/data/home/scyb672/run/conda_envs/flux-megatron-a800/lib/python3.10/site-packages/torch/include/THC -I/data/apps/cuda/12.4/include -I/data/home/scyb672/run/conda_envs/flux-megatron-a800/include/python3.10 -c -c /tmp/flux-megatron-a800-ozole9eq/apex/csrc/multi_tensor_adam.cu -o /tmp/flux-megatron-a800-ozole9eq/apex/build/temp.linux-x86_64-cpython-310/amp_C/csrc/multi_tensor_adam.o -D__CUDA_NO_HALF_OPERATORS__ -D__CUDA_NO_HALF_CONVERSIONS__ -D__CUDA_NO_BFLOAT16_CONVERSIONS__ -D__CUDA_NO_HALF2_OPERATORS__ --expt-relaxed-constexpr --compiler-options ''"'"'-fPIC'"'"'' -lineinfo -O3 --use_fast_math -DVERSION_GE_1_1 -DVERSION_GE_1_3 -DVERSION_GE_1_5 -DTORCH_API_INCLUDE_EXTENSION_H '-DPYBIND11_COMPILER_TYPE="_gcc"' '-DPYBIND11_STDLIB="_libstdcpp"' '-DPYBIND11_BUILD_ABI="_cxxabi1011"' -DTORCH_EXTENSION_NAME=amp_C -D_GLIBCXX_USE_CXX11_ABI=0 -gencode=arch=compute_80,code=sm_80 -ccbin /usr/bin/gcc -std=c++17
  [4/15] /data/apps/cuda/12.4/bin/nvcc --generate-dependencies-with-compile --dependency-output /tmp/flux-megatron-a800-ozole9eq/apex/build/temp.linux-x86_64-cpython-310/amp_C/csrc/multi_tensor_axpby_kernel.o.d -I/data/home/scyb672/run/conda_envs/flux-megatron-a800/lib/python3.10/site-packages/torch/include -I/data/home/scyb672/run/conda_envs/flux-megatron-a800/lib/python3.10/site-packages/torch/include/torch/csrc/api/include -I/data/home/scyb672/run/conda_envs/flux-megatron-a800/lib/python3.10/site-packages/torch/include/TH -I/data/home/scyb672/run/conda_envs/flux-megatron-a800/lib/python3.10/site-packages/torch/include/THC -I/data/apps/cuda/12.4/include -I/data/home/scyb672/run/conda_envs/flux-megatron-a800/include/python3.10 -c -c /tmp/flux-megatron-a800-ozole9eq/apex/csrc/multi_tensor_axpby_kernel.cu -o /tmp/flux-megatron-a800-ozole9eq/apex/build/temp.linux-x86_64-cpython-310/amp_C/csrc/multi_tensor_axpby_kernel.o -D__CUDA_NO_HALF_OPERATORS__ -D__CUDA_NO_HALF_CONVERSIONS__ -D__CUDA_NO_BFLOAT16_CONVERSIONS__ -D__CUDA_NO_HALF2_OPERATORS__ --expt-relaxed-constexpr --compiler-options ''"'"'-fPIC'"'"'' -lineinfo -O3 --use_fast_math -DVERSION_GE_1_1 -DVERSION_GE_1_3 -DVERSION_GE_1_5 -DTORCH_API_INCLUDE_EXTENSION_H '-DPYBIND11_COMPILER_TYPE="_gcc"' '-DPYBIND11_STDLIB="_libstdcpp"' '-DPYBIND11_BUILD_ABI="_cxxabi1011"' -DTORCH_EXTENSION_NAME=amp_C -D_GLIBCXX_USE_CXX11_ABI=0 -gencode=arch=compute_80,code=sm_80 -ccbin /usr/bin/gcc -std=c++17
