Looking in indexes: https://download.pytorch.org/whl/cu124
Collecting torch==2.6.0
  Downloading https://download-r2.pytorch.org/whl/cu124/torch-2.6.0%2Bcu124-cp310-cp310-linux_x86_64.whl.metadata (28 kB)
Collecting filelock (from torch==2.6.0)
  Downloading filelock-3.32.3-py3-none-any.whl.metadata (2.0 kB)
Collecting typing-extensions>=4.10.0 (from torch==2.6.0)
  Downloading typing_extensions-4.16.0-py3-none-any.whl.metadata (3.3 kB)
Collecting networkx (from torch==2.6.0)
  Downloading networkx-3.4.2-py3-none-any.whl.metadata (6.3 kB)
Collecting jinja2 (from torch==2.6.0)
  Downloading https://download.pytorch.org/whl/jinja2-3.1.6-py3-none-any.whl.metadata (2.9 kB)
Collecting fsspec (from torch==2.6.0)
  Downloading fsspec-2026.7.0-py3-none-any.whl.metadata (10 kB)
Collecting nvidia-cuda-nvrtc-cu12==12.4.127 (from torch==2.6.0)
  Downloading https://pypi.nvidia.com/nvidia-cuda-nvrtc-cu12/nvidia_cuda_nvrtc_cu12-12.4.127-py3-none-manylinux2014_x86_64.whl (24.6 MB)
     ━━━━━━━━━━━━━━━━━━━━━━━━━━━━━━━━━━━━━━━━ 24.6/24.6 MB 8.4 MB/s eta 0:00:00
Collecting nvidia-cuda-runtime-cu12==12.4.127 (from torch==2.6.0)
  Downloading https://pypi.nvidia.com/nvidia-cuda-runtime-cu12/nvidia_cuda_runtime_cu12-12.4.127-py3-none-manylinux2014_x86_64.whl (883 kB)
     ━━━━━━━━━━━━━━━━━━━━━━━━━━━━━━━━━━━━━━ 883.7/883.7 kB 10.6 MB/s eta 0:00:00
Collecting nvidia-cuda-cupti-cu12==12.4.127 (from torch==2.6.0)
  Downloading https://pypi.nvidia.com/nvidia-cuda-cupti-cu12/nvidia_cuda_cupti_cu12-12.4.127-py3-none-manylinux2014_x86_64.whl (13.8 MB)
     ━━━━━━━━━━━━━━━━━━━━━━━━━━━━━━━━━━━━━━━━ 13.8/13.8 MB 8.8 MB/s eta 0:00:00
Collecting nvidia-cudnn-cu12==9.1.0.70 (from torch==2.6.0)
  Downloading https://download.pytorch.org/whl/cu124/nvidia_cudnn_cu12-9.1.0.70-py3-none-manylinux2014_x86_64.whl (664.8 MB)
     ━━━━━━━━━━━━━━━━━━━━━━━━━━━━━━━━━━━━━━━ 664.8/664.8 MB 7.4 MB/s eta 0:00:00
Collecting nvidia-cublas-cu12==12.4.5.8 (from torch==2.6.0)
  Downloading https://pypi.nvidia.com/nvidia-cublas-cu12/nvidia_cublas_cu12-12.4.5.8-py3-none-manylinux2014_x86_64.whl (363.4 MB)
     ━━━━━━━━━━━━━━━━━━━━━━━━━━━━━━━━━━━━━━━ 363.4/363.4 MB 8.4 MB/s eta 0:00:00
Collecting nvidia-cufft-cu12==11.2.1.3 (from torch==2.6.0)
  Downloading https://pypi.nvidia.com/nvidia-cufft-cu12/nvidia_cufft_cu12-11.2.1.3-py3-none-manylinux2014_x86_64.whl (211.5 MB)
     ━━━━━━━━━━━━━━━━━━━━━━━━━━━━━━━━━━━━━━━ 211.5/211.5 MB 9.3 MB/s eta 0:00:00
Collecting nvidia-curand-cu12==10.3.5.147 (from torch==2.6.0)
  Downloading https://pypi.nvidia.com/nvidia-curand-cu12/nvidia_curand_cu12-10.3.5.147-py3-none-manylinux2014_x86_64.whl (56.3 MB)
     ━━━━━━━━━━━━━━━━━━━━━━━━━━━━━━━━━━━━━━━━ 56.3/56.3 MB 10.3 MB/s eta 0:00:00
Collecting nvidia-cusolver-cu12==11.6.1.9 (from torch==2.6.0)
  Downloading https://pypi.nvidia.com/nvidia-cusolver-cu12/nvidia_cusolver_cu12-11.6.1.9-py3-none-manylinux2014_x86_64.whl (127.9 MB)
     ━━━━━━━━━━━━━━━━━━━━━━━━━━━━━━━━━━━━━━━ 127.9/127.9 MB 9.2 MB/s eta 0:00:00
Collecting nvidia-cusparse-cu12==12.3.1.170 (from torch==2.6.0)
  Downloading https://pypi.nvidia.com/nvidia-cusparse-cu12/nvidia_cusparse_cu12-12.3.1.170-py3-none-manylinux2014_x86_64.whl (207.5 MB)
     ━━━━━━━━━━━━━━━━━━━━━━━━━━━━━━━━━━━━━━━ 207.5/207.5 MB 7.0 MB/s eta 0:00:00
Collecting nvidia-cusparselt-cu12==0.6.2 (from torch==2.6.0)
  Downloading https://pypi.nvidia.com/nvidia-cusparselt-cu12/nvidia_cusparselt_cu12-0.6.2-py3-none-manylinux2014_x86_64.whl (150.1 MB)
     ━━━━━━━━━━━━━━━━━━━━━━━━━━━━━━━━━━━━━━━ 150.1/150.1 MB 6.5 MB/s eta 0:00:00
Collecting nvidia-nccl-cu12==2.21.5 (from torch==2.6.0)
  Downloading https://pypi.nvidia.com/nvidia-nccl-cu12/nvidia_nccl_cu12-2.21.5-py3-none-manylinux2014_x86_64.whl (188.7 MB)
     ━━━━━━━━━━━━━━━━━━━━━━━━━━━━━━━━━━━━━━━ 188.7/188.7 MB 7.9 MB/s eta 0:00:00
Collecting nvidia-nvtx-cu12==12.4.127 (from torch==2.6.0)
  Downloading https://pypi.nvidia.com/nvidia-nvtx-cu12/nvidia_nvtx_cu12-12.4.127-py3-none-manylinux2014_x86_64.whl (99 kB)
Collecting nvidia-nvjitlink-cu12==12.4.127 (from torch==2.6.0)
  Downloading https://pypi.nvidia.com/nvidia-nvjitlink-cu12/nvidia_nvjitlink_cu12-12.4.127-py3-none-manylinux2014_x86_64.whl (21.1 MB)
     ━━━━━━━━━━━━━━━━━━━━━━━━━━━━━━━━━━━━━━━━ 21.1/21.1 MB 5.0 MB/s eta 0:00:00
Collecting triton==3.2.0 (from torch==2.6.0)
  Downloading https://download-r2.pytorch.org/whl/triton-3.2.0-cp310-cp310-manylinux_2_27_x86_64.manylinux_2_28_x86_64.whl.metadata (1.4 kB)
Collecting sympy==1.13.1 (from torch==2.6.0)
  Downloading sympy-1.13.1-py3-none-any.whl.metadata (12 kB)
Collecting mpmath<1.4,>=1.1.0 (from sympy==1.13.1->torch==2.6.0)
  Downloading mpmath-1.3.0-py3-none-any.whl.metadata (8.6 kB)
Collecting MarkupSafe>=2.0 (from jinja2->torch==2.6.0)
  Downloading https://download.pytorch.org/whl/markupsafe-3.0.3-cp310-cp310-manylinux2014_x86_64.manylinux_2_17_x86_64.manylinux_2_28_x86_64.whl.metadata (2.7 kB)
Downloading https://download-r2.pytorch.org/whl/cu124/torch-2.6.0%2Bcu124-cp310-cp310-linux_x86_64.whl (768.4 MB)
   ━━━━━━━━━━━━━━━━━━━━━━━━━━━━━━━━━━━━━━━━ 768.4/768.4 MB 9.0 MB/s eta 0:00:00
Downloading sympy-1.13.1-py3-none-any.whl (6.2 MB)
   ━━━━━━━━━━━━━━━━━━━━━━━━━━━━━━━━━━━━━━━━ 6.2/6.2 MB 6.7 MB/s eta 0:00:00
Downloading https://download-r2.pytorch.org/whl/triton-3.2.0-cp310-cp310-manylinux_2_27_x86_64.manylinux_2_28_x86_64.whl (166.6 MB)
   ━━━━━━━━━━━━━━━━━━━━━━━━━━━━━━━━━━━━━━━━ 166.6/166.6 MB 5.5 MB/s eta 0:00:00
Downloading typing_extensions-4.16.0-py3-none-any.whl (45 kB)
Downloading filelock-3.32.3-py3-none-any.whl (98 kB)
Downloading fsspec-2026.7.0-py3-none-any.whl (206 kB)
Downloading https://download.pytorch.org/whl/jinja2-3.1.6-py3-none-any.whl (134 kB)
Downloading networkx-3.4.2-py3-none-any.whl (1.7 MB)
   ━━━━━━━━━━━━━━━━━━━━━━━━━━━━━━━━━━━━━━━━ 1.7/1.7 MB 6.2 MB/s eta 0:00:00
Downloading https://download.pytorch.org/whl/markupsafe-3.0.3-cp310-cp310-manylinux2014_x86_64.manylinux_2_17_x86_64.manylinux_2_28_x86_64.whl (20 kB)
Downloading mpmath-1.3.0-py3-none-any.whl (536 kB)
   ━━━━━━━━━━━━━━━━━━━━━━━━━━━━━━━━━━━━━━━━ 536.2/536.2 kB 7.8 MB/s eta 0:00:00
Saved ./outputs/a800/megatron-e2e/wheelhouse/torch-2.6.0+cu124-cp310-cp310-linux_x86_64.whl
Saved ./outputs/a800/megatron-e2e/wheelhouse/nvidia_cublas_cu12-12.4.5.8-py3-none-manylinux2014_x86_64.whl
Saved ./outputs/a800/megatron-e2e/wheelhouse/nvidia_cuda_cupti_cu12-12.4.127-py3-none-manylinux2014_x86_64.whl
Saved ./outputs/a800/megatron-e2e/wheelhouse/nvidia_cuda_nvrtc_cu12-12.4.127-py3-none-manylinux2014_x86_64.whl
Saved ./outputs/a800/megatron-e2e/wheelhouse/nvidia_cuda_runtime_cu12-12.4.127-py3-none-manylinux2014_x86_64.whl
Saved ./outputs/a800/megatron-e2e/wheelhouse/nvidia_cudnn_cu12-9.1.0.70-py3-none-manylinux2014_x86_64.whl
Saved ./outputs/a800/megatron-e2e/wheelhouse/nvidia_cufft_cu12-11.2.1.3-py3-none-manylinux2014_x86_64.whl
Saved ./outputs/a800/megatron-e2e/wheelhouse/nvidia_curand_cu12-10.3.5.147-py3-none-manylinux2014_x86_64.whl
Saved ./outputs/a800/megatron-e2e/wheelhouse/nvidia_cusolver_cu12-11.6.1.9-py3-none-manylinux2014_x86_64.whl
Saved ./outputs/a800/megatron-e2e/wheelhouse/nvidia_cusparse_cu12-12.3.1.170-py3-none-manylinux2014_x86_64.whl
Saved ./outputs/a800/megatron-e2e/wheelhouse/nvidia_cusparselt_cu12-0.6.2-py3-none-manylinux2014_x86_64.whl
Saved ./outputs/a800/megatron-e2e/wheelhouse/nvidia_nccl_cu12-2.21.5-py3-none-manylinux2014_x86_64.whl
Saved ./outputs/a800/megatron-e2e/wheelhouse/nvidia_nvjitlink_cu12-12.4.127-py3-none-manylinux2014_x86_64.whl
Saved ./outputs/a800/megatron-e2e/wheelhouse/nvidia_nvtx_cu12-12.4.127-py3-none-manylinux2014_x86_64.whl
Saved ./outputs/a800/megatron-e2e/wheelhouse/sympy-1.13.1-py3-none-any.whl
Saved ./outputs/a800/megatron-e2e/wheelhouse/triton-3.2.0-cp310-cp310-manylinux_2_27_x86_64.manylinux_2_28_x86_64.whl
Saved ./outputs/a800/megatron-e2e/wheelhouse/typing_extensions-4.16.0-py3-none-any.whl
Saved ./outputs/a800/megatron-e2e/wheelhouse/filelock-3.32.3-py3-none-any.whl
Saved ./outputs/a800/megatron-e2e/wheelhouse/fsspec-2026.7.0-py3-none-any.whl
Saved ./outputs/a800/megatron-e2e/wheelhouse/jinja2-3.1.6-py3-none-any.whl
Saved ./outputs/a800/megatron-e2e/wheelhouse/networkx-3.4.2-py3-none-any.whl
Saved ./outputs/a800/megatron-e2e/wheelhouse/markupsafe-3.0.3-cp310-cp310-manylinux2014_x86_64.manylinux_2_17_x86_64.manylinux_2_28_x86_64.whl
Saved ./outputs/a800/megatron-e2e/wheelhouse/mpmath-1.3.0-py3-none-any.whl
Successfully downloaded torch nvidia-cublas-cu12 nvidia-cuda-cupti-cu12 nvidia-cuda-nvrtc-cu12 nvidia-cuda-runtime-cu12 nvidia-cudnn-cu12 nvidia-cufft-cu12 nvidia-curand-cu12 nvidia-cusolver-cu12 nvidia-cusparse-cu12 nvidia-cusparselt-cu12 nvidia-nccl-cu12 nvidia-nvjitlink-cu12 nvidia-nvtx-cu12 sympy triton typing-extensions filelock fsspec jinja2 networkx MarkupSafe mpmath
