WARNING:root:Failed to load NVSHMEM libs
WARNING:root:Failed to load NVSHMEM libs
WARNING:root:Failed to load NVSHMEM libs
WARNING:root:Failed to load NVSHMEM libs
NCCL version 2.21.5+cuda12.4
[rank0]: Traceback (most recent call last):
[rank0]:   File "/data/run01/scyb672/hjr/TempName/logs/a800/arrival/178817/calibration-scripts/worker.py", line 172, in <module>
[rank0]:     for shape in config['shapes']:run_case(*shape)
[rank0]:   File "/data/home/scyb672/.conda/envs/mmseg/lib/python3.10/site-packages/torch/utils/_contextlib.py", line 116, in decorate_context
[rank0]:     return func(*args, **kwargs)
[rank0]:   File "/data/run01/scyb672/hjr/TempName/logs/a800/arrival/178817/calibration-scripts/worker.py", line 87, in run_case
[rank0]:     correct(forward())
[rank0]:   File "/data/run01/scyb672/hjr/TempName/logs/a800/arrival/178817/calibration-scripts/worker.py", line 85, in correct
[rank0]:     torch.testing.assert_close(y.float(),ref32,rtol=.02,atol=.02)
[rank0]:   File "/data/home/scyb672/.conda/envs/mmseg/lib/python3.10/site-packages/torch/testing/_comparison.py", line 1530, in assert_close
[rank0]:     raise error_metas[0].to_error(msg)
[rank0]: AssertionError: Tensor-likes are not close!

[rank0]: Mismatched elements: 1 / 8388608 (0.0%)
[rank0]: Greatest absolute difference: 0.020725607872009277 at index (1774, 3197) (up to 0.02 allowed)
[rank0]: Greatest relative difference: 0.7925847172737122 at index (1774, 3197) (up to 0.02 allowed)
W1002 14:25:45.054000 723373 /data/run01/scyb672/.conda/envs/mmseg/lib/python3.10/site-packages/torch/distributed/elastic/multiprocessing/api.py:897] Sending process 723397 closing signal SIGTERM
W1002 14:25:45.054000 723373 /data/run01/scyb672/.conda/envs/mmseg/lib/python3.10/site-packages/torch/distributed/elastic/multiprocessing/api.py:897] Sending process 723398 closing signal SIGTERM
W1002 14:25:45.054000 723373 /data/run01/scyb672/.conda/envs/mmseg/lib/python3.10/site-packages/torch/distributed/elastic/multiprocessing/api.py:897] Sending process 723399 closing signal SIGTERM
E1002 14:25:45.832000 723373 /data/run01/scyb672/.conda/envs/mmseg/lib/python3.10/site-packages/torch/distributed/elastic/multiprocessing/api.py:869] failed (exitcode: 1) local_rank: 0 (pid: 723396) of binary: /data/run01/scyb672/hjr/TempName/outputs/a800/venv/bin/python
Traceback (most recent call last):
  File "/data/home/scyb672/.conda/envs/mmseg/lib/python3.10/runpy.py", line 196, in _run_module_as_main
    return _run_code(code, main_globals, None,
  File "/data/home/scyb672/.conda/envs/mmseg/lib/python3.10/runpy.py", line 86, in _run_code
    exec(code, run_globals)
  File "/data/home/scyb672/.conda/envs/mmseg/lib/python3.10/site-packages/torch/distributed/run.py", line 922, in <module>
    main()
  File "/data/home/scyb672/.conda/envs/mmseg/lib/python3.10/site-packages/torch/distributed/elastic/multiprocessing/errors/__init__.py", line 355, in wrapper
    return f(*args, **kwargs)
  File "/data/home/scyb672/.conda/envs/mmseg/lib/python3.10/site-packages/torch/distributed/run.py", line 918, in main
    run(args)
  File "/data/home/scyb672/.conda/envs/mmseg/lib/python3.10/site-packages/torch/distributed/run.py", line 909, in run
    elastic_launch(
  File "/data/home/scyb672/.conda/envs/mmseg/lib/python3.10/site-packages/torch/distributed/launcher/api.py", line 138, in __call__
    return launch_agent(self._config, self._entrypoint, list(args))
  File "/data/home/scyb672/.conda/envs/mmseg/lib/python3.10/site-packages/torch/distributed/launcher/api.py", line 269, in launch_agent
    raise ChildFailedError(
torch.distributed.elastic.multiprocessing.errors.ChildFailedError: 
============================================================
/data/run01/scyb672/hjr/TempName/logs/a800/arrival/178817/calibration-scripts/worker.py FAILED
------------------------------------------------------------
Failures:
  <NO_OTHER_FAILURES>
------------------------------------------------------------
Root Cause (first observed failure):
[0]:
  time      : 2026-10-02_14:25:45
  host      : d1n41a15g02
  rank      : 0 (local_rank: 0)
  exitcode  : 1 (pid: 723396)
  error_file: <N/A>
  traceback : To enable traceback see: https://pytorch.org/docs/stable/elastic/errors.html
============================================================

Traceback (most recent call last):
  File "/data/run01/scyb672/hjr/TempName/logs/a800/arrival/178817/scripts/launch.py", line 33, in <module>
    run([sys.executable,'-m','torch.distributed.run','--standalone','--nproc_per_node=4',str(OUT/'calibration-scripts/worker.py')],p,env)
  File "/data/run01/scyb672/hjr/TempName/logs/a800/arrival/178817/scripts/launch.py", line 20, in run
    raise RuntimeError((name,r.returncode))
RuntimeError: ('remote_first', 1)
